[2021-12-25T21:22:49.376+0100][gc,heap] Heap region size: 1M
[2021-12-25T21:22:49.408+0100][gc     ] Using G1
[2021-12-25T21:22:49.410+0100][gc,heap,coops] Heap address: 0x00000000c0000000, size: 1024 MB, Compressed Oops mode: 32-bit
[2021-12-25T21:22:49.412+0100][gc,cds       ] Mark closed archive regions in map: [0x00000000fff00000, 0x00000000fff69ff8]
[2021-12-25T21:22:49.413+0100][gc,cds       ] Mark open archive regions in map: [0x00000000ffe00000, 0x00000000ffe46ff8]
[2021-12-25T21:22:57.352+0100][gc,start     ] GC(0) Pause Young (Normal) (G1 Evacuation Pause)
[2021-12-25T21:22:57.356+0100][gc,task      ] GC(0) Using 8 workers of 8 for evacuation
[2021-12-25T21:22:57.404+0100][gc,mmu       ] GC(0) MMU target violated: 21.0ms (20.0ms/21.0ms)
[2021-12-25T21:22:57.405+0100][gc,phases    ] GC(0)   Pre Evacuate Collection Set: 0.1ms
[2021-12-25T21:22:57.405+0100][gc,phases    ] GC(0)   Evacuate Collection Set: 43.3ms
[2021-12-25T21:22:57.406+0100][gc,phases    ] GC(0)   Post Evacuate Collection Set: 2.5ms
[2021-12-25T21:22:57.407+0100][gc,phases    ] GC(0)   Other: 7.1ms
[2021-12-25T21:22:57.408+0100][gc,heap      ] GC(0) Eden regions: 51->0(44)
[2021-12-25T21:22:57.409+0100][gc,heap      ] GC(0) Survivor regions: 0->7(7)
[2021-12-25T21:22:57.409+0100][gc,heap      ] GC(0) Old regions: 2->2
[2021-12-25T21:22:57.410+0100][gc,heap      ] GC(0) Humongous regions: 0->0
[2021-12-25T21:22:57.411+0100][gc,metaspace ] GC(0) Metaspace: 15211K->15211K(1062912K)
[2021-12-25T21:22:57.412+0100][gc           ] GC(0) Pause Young (Normal) (G1 Evacuation Pause) 51M->7M(1024M) 59.907ms
[2021-12-25T21:22:57.412+0100][gc,cpu       ] GC(0) User=0.20s Sys=0.11s Real=0.06s
[2021-12-25T21:23:00.167+0100][gc,start     ] GC(1) Pause Young (Concurrent Start) (Metadata GC Threshold)
[2021-12-25T21:23:00.167+0100][gc,task      ] GC(1) Using 8 workers of 8 for evacuation
[2021-12-25T21:23:00.188+0100][gc,mmu       ] GC(1) MMU target violated: 20.1ms (20.0ms/21.0ms)
[2021-12-25T21:23:00.188+0100][gc,phases    ] GC(1)   Pre Evacuate Collection Set: 0.1ms
[2021-12-25T21:23:00.188+0100][gc,phases    ] GC(1)   Evacuate Collection Set: 18.7ms
[2021-12-25T21:23:00.189+0100][gc,phases    ] GC(1)   Post Evacuate Collection Set: 1.0ms
[2021-12-25T21:23:00.190+0100][gc,phases    ] GC(1)   Other: 1.5ms
[2021-12-25T21:23:00.192+0100][gc,heap      ] GC(1) Eden regions: 23->0(49)
[2021-12-25T21:23:00.192+0100][gc,heap      ] GC(1) Survivor regions: 7->2(7)
[2021-12-25T21:23:00.193+0100][gc,heap      ] GC(1) Old regions: 2->9
[2021-12-25T21:23:00.193+0100][gc,heap      ] GC(1) Humongous regions: 0->0
[2021-12-25T21:23:00.194+0100][gc,metaspace ] GC(1) Metaspace: 20577K->20577K(1067008K)
[2021-12-25T21:23:00.194+0100][gc           ] GC(1) Pause Young (Concurrent Start) (Metadata GC Threshold) 29M->8M(1024M) 27.133ms
[2021-12-25T21:23:00.194+0100][gc,cpu       ] GC(1) User=0.14s Sys=0.00s Real=0.03s
[2021-12-25T21:23:00.195+0100][gc           ] GC(2) Concurrent Cycle
[2021-12-25T21:23:00.196+0100][gc,marking   ] GC(2) Concurrent Clear Claimed Marks
[2021-12-25T21:23:00.197+0100][gc,marking   ] GC(2) Concurrent Clear Claimed Marks 0.945ms
[2021-12-25T21:23:00.199+0100][gc,marking   ] GC(2) Concurrent Scan Root Regions
[2021-12-25T21:23:00.201+0100][gc,marking   ] GC(2) Concurrent Scan Root Regions 2.375ms
[2021-12-25T21:23:00.202+0100][gc,marking   ] GC(2) Concurrent Mark (11.208s)
[2021-12-25T21:23:00.202+0100][gc,marking   ] GC(2) Concurrent Mark From Roots
[2021-12-25T21:23:00.203+0100][gc,task      ] GC(2) Using 2 workers of 2 for marking
[2021-12-25T21:23:00.211+0100][gc,marking   ] GC(2) Concurrent Mark From Roots 9.262ms
[2021-12-25T21:23:00.212+0100][gc,marking   ] GC(2) Concurrent Preclean
[2021-12-25T21:23:00.213+0100][gc,marking   ] GC(2) Concurrent Preclean 0.596ms
[2021-12-25T21:23:00.213+0100][gc,marking   ] GC(2) Concurrent Mark (11.208s, 11.220s) 11.377ms
[2021-12-25T21:23:00.214+0100][gc,start     ] GC(2) Pause Remark
[2021-12-25T21:23:00.218+0100][gc,stringtable] GC(2) Cleaned string and symbol table, strings: 4986 processed, 0 removed, symbols: 50427 processed, 59 removed
[2021-12-25T21:23:00.219+0100][gc            ] GC(2) Pause Remark 8M->8M(1024M) 4.583ms
[2021-12-25T21:23:00.219+0100][gc,cpu        ] GC(2) User=0.02s Sys=0.00s Real=0.00s
[2021-12-25T21:23:00.219+0100][gc,marking    ] GC(2) Concurrent Rebuild Remembered Sets
[2021-12-25T21:23:00.224+0100][gc,marking    ] GC(2) Concurrent Rebuild Remembered Sets 4.719ms
[2021-12-25T21:23:00.225+0100][gc,start      ] GC(2) Pause Cleanup
[2021-12-25T21:23:00.225+0100][gc            ] GC(2) Pause Cleanup 8M->8M(1024M) 0.589ms
[2021-12-25T21:23:00.226+0100][gc,cpu        ] GC(2) User=0.00s Sys=0.00s Real=0.00s
[2021-12-25T21:23:00.226+0100][gc,marking    ] GC(2) Concurrent Cleanup for Next Mark
[2021-12-25T21:23:00.234+0100][gc,marking    ] GC(2) Concurrent Cleanup for Next Mark 7.987ms
[2021-12-25T21:23:00.235+0100][gc            ] GC(2) Concurrent Cycle 39.762ms
[2021-12-25T21:23:04.121+0100][gc,start      ] GC(3) Pause Young (Normal) (G1 Evacuation Pause)
[2021-12-25T21:23:04.122+0100][gc,task       ] GC(3) Using 8 workers of 8 for evacuation
[2021-12-25T21:23:04.128+0100][gc,phases     ] GC(3)   Pre Evacuate Collection Set: 0.0ms
[2021-12-25T21:23:04.128+0100][gc,phases     ] GC(3)   Evacuate Collection Set: 4.5ms
[2021-12-25T21:23:04.129+0100][gc,phases     ] GC(3)   Post Evacuate Collection Set: 1.2ms
[2021-12-25T21:23:04.129+0100][gc,phases     ] GC(3)   Other: 0.9ms
[2021-12-25T21:23:04.129+0100][gc,heap       ] GC(3) Eden regions: 49->0(47)
[2021-12-25T21:23:04.130+0100][gc,heap       ] GC(3) Survivor regions: 2->4(7)
[2021-12-25T21:23:04.130+0100][gc,heap       ] GC(3) Old regions: 9->9
[2021-12-25T21:23:04.130+0100][gc,heap       ] GC(3) Humongous regions: 129->129
[2021-12-25T21:23:04.130+0100][gc,metaspace  ] GC(3) Metaspace: 29814K->29814K(1075200K)
[2021-12-25T21:23:04.131+0100][gc            ] GC(3) Pause Young (Normal) (G1 Evacuation Pause) 186M->139M(1024M) 9.438ms
[2021-12-25T21:23:04.131+0100][gc,cpu        ] GC(3) User=0.03s Sys=0.00s Real=0.01s
[2021-12-25T21:23:05.311+0100][gc,start      ] GC(4) Pause Young (Concurrent Start) (Metadata GC Threshold)
[2021-12-25T21:23:05.312+0100][gc,task       ] GC(4) Using 8 workers of 8 for evacuation
[2021-12-25T21:23:05.325+0100][gc,phases     ] GC(4)   Pre Evacuate Collection Set: 0.2ms
[2021-12-25T21:23:05.326+0100][gc,phases     ] GC(4)   Evacuate Collection Set: 10.7ms
[2021-12-25T21:23:05.326+0100][gc,phases     ] GC(4)   Post Evacuate Collection Set: 1.1ms
[2021-12-25T21:23:05.326+0100][gc,phases     ] GC(4)   Other: 2.0ms
[2021-12-25T21:23:05.327+0100][gc,heap       ] GC(4) Eden regions: 25->0(45)
[2021-12-25T21:23:05.327+0100][gc,heap       ] GC(4) Survivor regions: 4->6(7)
[2021-12-25T21:23:05.327+0100][gc,heap       ] GC(4) Old regions: 9->9
[2021-12-25T21:23:05.328+0100][gc,heap       ] GC(4) Humongous regions: 129->129
[2021-12-25T21:23:05.328+0100][gc,metaspace  ] GC(4) Metaspace: 34282K->34282K(1079296K)
[2021-12-25T21:23:05.328+0100][gc            ] GC(4) Pause Young (Concurrent Start) (Metadata GC Threshold) 164M->142M(1024M) 17.204ms
[2021-12-25T21:23:05.329+0100][gc,cpu        ] GC(4) User=0.07s Sys=0.01s Real=0.02s
[2021-12-25T21:23:05.329+0100][gc            ] GC(5) Concurrent Cycle
[2021-12-25T21:23:05.330+0100][gc,marking    ] GC(5) Concurrent Clear Claimed Marks
[2021-12-25T21:23:05.331+0100][gc,marking    ] GC(5) Concurrent Clear Claimed Marks 0.874ms
[2021-12-25T21:23:05.331+0100][gc,marking    ] GC(5) Concurrent Scan Root Regions
[2021-12-25T21:23:05.336+0100][gc,marking    ] GC(5) Concurrent Scan Root Regions 4.864ms
[2021-12-25T21:23:05.337+0100][gc,marking    ] GC(5) Concurrent Mark (16.343s)
[2021-12-25T21:23:05.337+0100][gc,marking    ] GC(5) Concurrent Mark From Roots
[2021-12-25T21:23:05.337+0100][gc,task       ] GC(5) Using 2 workers of 2 for marking
[2021-12-25T21:23:05.351+0100][gc,marking    ] GC(5) Concurrent Mark From Roots 14.368ms
[2021-12-25T21:23:05.352+0100][gc,marking    ] GC(5) Concurrent Preclean
[2021-12-25T21:23:05.352+0100][gc,marking    ] GC(5) Concurrent Preclean 0.473ms
[2021-12-25T21:23:05.352+0100][gc,marking    ] GC(5) Concurrent Mark (16.343s, 16.359s) 15.734ms
[2021-12-25T21:23:05.353+0100][gc,start      ] GC(5) Pause Remark
[2021-12-25T21:23:05.362+0100][gc,stringtable] GC(5) Cleaned string and symbol table, strings: 10723 processed, 12 removed, symbols: 81853 processed, 17 removed
[2021-12-25T21:23:05.363+0100][gc            ] GC(5) Pause Remark 143M->143M(1024M) 9.941ms
[2021-12-25T21:23:05.364+0100][gc,cpu        ] GC(5) User=0.05s Sys=0.00s Real=0.01s
[2021-12-25T21:23:05.364+0100][gc,marking    ] GC(5) Concurrent Rebuild Remembered Sets
[2021-12-25T21:23:05.371+0100][gc,marking    ] GC(5) Concurrent Rebuild Remembered Sets 7.297ms
[2021-12-25T21:23:05.372+0100][gc,start      ] GC(5) Pause Cleanup
[2021-12-25T21:23:05.373+0100][gc            ] GC(5) Pause Cleanup 143M->143M(1024M) 0.820ms
[2021-12-25T21:23:05.374+0100][gc,cpu        ] GC(5) User=0.00s Sys=0.00s Real=0.01s
[2021-12-25T21:23:05.374+0100][gc,marking    ] GC(5) Concurrent Cleanup for Next Mark
[2021-12-25T21:23:05.383+0100][gc,marking    ] GC(5) Concurrent Cleanup for Next Mark 9.129ms
[2021-12-25T21:23:05.384+0100][gc            ] GC(5) Concurrent Cycle 54.317ms
[2021-12-25T21:33:20.988+0100][gc,start      ] GC(6) Pause Young (Normal) (G1 Evacuation Pause)
[2021-12-25T21:33:20.989+0100][gc,task       ] GC(6) Using 8 workers of 8 for evacuation
[2021-12-25T21:33:21.027+0100][gc,mmu        ] GC(6) MMU target violated: 21.0ms (20.0ms/21.0ms)
[2021-12-25T21:33:21.028+0100][gc,phases     ] GC(6)   Pre Evacuate Collection Set: 0.1ms
[2021-12-25T21:33:21.029+0100][gc,phases     ] GC(6)   Evacuate Collection Set: 32.9ms
[2021-12-25T21:33:21.030+0100][gc,phases     ] GC(6)   Post Evacuate Collection Set: 3.8ms
[2021-12-25T21:33:21.031+0100][gc,phases     ] GC(6)   Other: 3.9ms
[2021-12-25T21:33:21.032+0100][gc,heap       ] GC(6) Eden regions: 45->0(46)
[2021-12-25T21:33:21.033+0100][gc,heap       ] GC(6) Survivor regions: 6->5(7)
[2021-12-25T21:33:21.034+0100][gc,heap       ] GC(6) Old regions: 9->12
[2021-12-25T21:33:21.036+0100][gc,heap       ] GC(6) Humongous regions: 129->129
[2021-12-25T21:33:21.037+0100][gc,metaspace  ] GC(6) Metaspace: 41994K->41994K(1087488K)
[2021-12-25T21:33:21.038+0100][gc            ] GC(6) Pause Young (Normal) (G1 Evacuation Pause) 187M->144M(1024M) 50.187ms
[2021-12-25T21:33:21.039+0100][gc,cpu        ] GC(6) User=0.22s Sys=0.00s Real=0.05s
[2021-12-25T22:24:31.457+0100][gc,start      ] GC(7) Pause Young (Normal) (G1 Evacuation Pause)
[2021-12-25T22:24:31.458+0100][gc,task       ] GC(7) Using 8 workers of 8 for evacuation
[2021-12-25T22:24:31.480+0100][gc,mmu        ] GC(7) MMU target violated: 20.4ms (20.0ms/21.0ms)
[2021-12-25T22:24:31.481+0100][gc,phases     ] GC(7)   Pre Evacuate Collection Set: 0.3ms
[2021-12-25T22:24:31.482+0100][gc,phases     ] GC(7)   Evacuate Collection Set: 16.6ms
[2021-12-25T22:24:31.483+0100][gc,phases     ] GC(7)   Post Evacuate Collection Set: 3.2ms
[2021-12-25T22:24:31.484+0100][gc,phases     ] GC(7)   Other: 3.8ms
[2021-12-25T22:24:31.484+0100][gc,heap       ] GC(7) Eden regions: 46->0(48)
[2021-12-25T22:24:31.485+0100][gc,heap       ] GC(7) Survivor regions: 5->3(7)
[2021-12-25T22:24:31.486+0100][gc,heap       ] GC(7) Old regions: 12->15
[2021-12-25T22:24:31.487+0100][gc,heap       ] GC(7) Humongous regions: 129->129
[2021-12-25T22:24:31.488+0100][gc,metaspace  ] GC(7) Metaspace: 43030K->43030K(1087488K)
[2021-12-25T22:24:31.489+0100][gc            ] GC(7) Pause Young (Normal) (G1 Evacuation Pause) 190M->144M(1024M) 31.473ms
[2021-12-25T22:24:31.490+0100][gc,cpu        ] GC(7) User=0.13s Sys=0.00s Real=0.03s
[2021-12-25T22:52:20.987+0100][gc,start      ] GC(8) Pause Young (Normal) (G1 Evacuation Pause)
[2021-12-25T22:52:20.988+0100][gc,task       ] GC(8) Using 8 workers of 8 for evacuation
[2021-12-25T22:52:21.007+0100][gc,phases     ] GC(8)   Pre Evacuate Collection Set: 0.1ms
[2021-12-25T22:52:21.009+0100][gc,phases     ] GC(8)   Evacuate Collection Set: 10.1ms
[2021-12-25T22:52:21.009+0100][gc,phases     ] GC(8)   Post Evacuate Collection Set: 7.5ms
[2021-12-25T22:52:21.011+0100][gc,phases     ] GC(8)   Other: 2.7ms
[2021-12-25T22:52:21.012+0100][gc,heap       ] GC(8) Eden regions: 48->0(47)
[2021-12-25T22:52:21.012+0100][gc,heap       ] GC(8) Survivor regions: 3->4(7)
[2021-12-25T22:52:21.013+0100][gc,heap       ] GC(8) Old regions: 15->15
[2021-12-25T22:52:21.014+0100][gc,heap       ] GC(8) Humongous regions: 129->129
[2021-12-25T22:52:21.015+0100][gc,metaspace  ] GC(8) Metaspace: 44400K->44400K(1089536K)
[2021-12-25T22:52:21.016+0100][gc            ] GC(8) Pause Young (Normal) (G1 Evacuation Pause) 192M->145M(1024M) 29.231ms
[2021-12-25T22:52:21.017+0100][gc,cpu        ] GC(8) User=0.11s Sys=0.00s Real=0.03s
[2021-12-26T01:09:32.762+0100][gc,start      ] GC(9) Pause Young (Normal) (G1 Evacuation Pause)
[2021-12-26T01:09:32.764+0100][gc,task       ] GC(9) Using 8 workers of 8 for evacuation
[2021-12-26T01:09:32.797+0100][gc,mmu        ] GC(9) MMU target violated: 21.0ms (20.0ms/21.0ms)
[2021-12-26T01:09:32.798+0100][gc,phases     ] GC(9)   Pre Evacuate Collection Set: 0.1ms
[2021-12-26T01:09:32.799+0100][gc,phases     ] GC(9)   Evacuate Collection Set: 22.4ms
[2021-12-26T01:09:32.799+0100][gc,phases     ] GC(9)   Post Evacuate Collection Set: 9.0ms
[2021-12-26T01:09:32.800+0100][gc,phases     ] GC(9)   Other: 4.8ms
[2021-12-26T01:09:32.801+0100][gc,heap       ] GC(9) Eden regions: 47->0(47)
[2021-12-26T01:09:32.801+0100][gc,heap       ] GC(9) Survivor regions: 4->4(7)
[2021-12-26T01:09:32.802+0100][gc,heap       ] GC(9) Old regions: 15->15
[2021-12-26T01:09:32.802+0100][gc,heap       ] GC(9) Humongous regions: 129->129
[2021-12-26T01:09:32.803+0100][gc,metaspace  ] GC(9) Metaspace: 44515K->44515K(1089536K)
[2021-12-26T01:09:32.804+0100][gc            ] GC(9) Pause Young (Normal) (G1 Evacuation Pause) 192M->145M(1024M) 42.072ms
[2021-12-26T01:09:32.804+0100][gc,cpu        ] GC(9) User=0.16s Sys=0.00s Real=0.04s
[2021-12-26T02:04:54.348+0100][gc,start      ] GC(10) Pause Young (Normal) (G1 Evacuation Pause)
[2021-12-26T02:04:54.349+0100][gc,task       ] GC(10) Using 8 workers of 8 for evacuation
[2021-12-26T02:04:54.390+0100][gc,mmu        ] GC(10) MMU target violated: 21.0ms (20.0ms/21.0ms)
[2021-12-26T02:04:54.391+0100][gc,phases     ] GC(10)   Pre Evacuate Collection Set: 0.3ms
[2021-12-26T02:04:54.392+0100][gc,phases     ] GC(10)   Evacuate Collection Set: 32.7ms
[2021-12-26T02:04:54.393+0100][gc,phases     ] GC(10)   Post Evacuate Collection Set: 5.9ms
[2021-12-26T02:04:54.394+0100][gc,phases     ] GC(10)   Other: 5.2ms
[2021-12-26T02:04:54.394+0100][gc,heap       ] GC(10) Eden regions: 47->0(47)
[2021-12-26T02:04:54.396+0100][gc,heap       ] GC(10) Survivor regions: 4->4(7)
[2021-12-26T02:04:54.397+0100][gc,heap       ] GC(10) Old regions: 15->15
[2021-12-26T02:04:54.397+0100][gc,heap       ] GC(10) Humongous regions: 129->129
[2021-12-26T02:04:54.398+0100][gc,metaspace  ] GC(10) Metaspace: 44609K->44609K(1089536K)
[2021-12-26T02:04:54.399+0100][gc            ] GC(10) Pause Young (Normal) (G1 Evacuation Pause) 192M->145M(1024M) 51.665ms
[2021-12-26T02:04:54.400+0100][gc,cpu        ] GC(10) User=0.19s Sys=0.01s Real=0.05s
[2021-12-26T02:07:45.047+0100][gc,heap,exit  ] Heap
[2021-12-26T02:07:45.047+0100][gc,heap,exit  ]  garbage-first heap   total 1048576K, used 160474K [0x00000000c0000000, 0x0000000100000000)
[2021-12-26T02:07:45.048+0100][gc,heap,exit  ]   region size 1024K, 16 young (16384K), 4 survivors (4096K)
[2021-12-26T02:07:45.048+0100][gc,heap,exit  ]  Metaspace       used 45345K, capacity 48298K, committed 48508K, reserved 1089536K
[2021-12-26T02:07:45.048+0100][gc,heap,exit  ]   class space    used 6334K, capacity 7775K, committed 7856K, reserved 1048576K
