[2021-12-25T17:03:24.794+0100][gc,heap] Heap region size: 1M
[2021-12-25T17:03:24.826+0100][gc     ] Using G1
[2021-12-25T17:03:24.827+0100][gc,heap,coops] Heap address: 0x00000000c0000000, size: 1024 MB, Compressed Oops mode: 32-bit
[2021-12-25T17:03:24.828+0100][gc,cds       ] Mark closed archive regions in map: [0x00000000fff00000, 0x00000000fff69ff8]
[2021-12-25T17:03:24.829+0100][gc,cds       ] Mark open archive regions in map: [0x00000000ffe00000, 0x00000000ffe46ff8]
[2021-12-25T17:03:32.854+0100][gc,start     ] GC(0) Pause Young (Normal) (G1 Evacuation Pause)
[2021-12-25T17:03:32.856+0100][gc,task      ] GC(0) Using 8 workers of 8 for evacuation
[2021-12-25T17:03:32.879+0100][gc,mmu       ] GC(0) MMU target violated: 21.0ms (20.0ms/21.0ms)
[2021-12-25T17:03:32.880+0100][gc,phases    ] GC(0)   Pre Evacuate Collection Set: 0.1ms
[2021-12-25T17:03:32.880+0100][gc,phases    ] GC(0)   Evacuate Collection Set: 21.2ms
[2021-12-25T17:03:32.880+0100][gc,phases    ] GC(0)   Post Evacuate Collection Set: 1.0ms
[2021-12-25T17:03:32.880+0100][gc,phases    ] GC(0)   Other: 3.6ms
[2021-12-25T17:03:32.881+0100][gc,heap      ] GC(0) Eden regions: 51->0(44)
[2021-12-25T17:03:32.881+0100][gc,heap      ] GC(0) Survivor regions: 0->7(7)
[2021-12-25T17:03:32.881+0100][gc,heap      ] GC(0) Old regions: 2->2
[2021-12-25T17:03:32.881+0100][gc,heap      ] GC(0) Humongous regions: 0->0
[2021-12-25T17:03:32.882+0100][gc,metaspace ] GC(0) Metaspace: 15211K->15211K(1062912K)
[2021-12-25T17:03:32.882+0100][gc           ] GC(0) Pause Young (Normal) (G1 Evacuation Pause) 51M->7M(1024M) 28.091ms
[2021-12-25T17:03:32.882+0100][gc,cpu       ] GC(0) User=0.15s Sys=0.02s Real=0.03s
[2021-12-25T17:03:35.396+0100][gc,start     ] GC(1) Pause Young (Concurrent Start) (Metadata GC Threshold)
[2021-12-25T17:03:35.396+0100][gc,task      ] GC(1) Using 8 workers of 8 for evacuation
[2021-12-25T17:03:35.433+0100][gc,mmu       ] GC(1) MMU target violated: 21.0ms (20.0ms/21.0ms)
[2021-12-25T17:03:35.434+0100][gc,phases    ] GC(1)   Pre Evacuate Collection Set: 0.1ms
[2021-12-25T17:03:35.434+0100][gc,phases    ] GC(1)   Evacuate Collection Set: 35.3ms
[2021-12-25T17:03:35.434+0100][gc,phases    ] GC(1)   Post Evacuate Collection Set: 1.0ms
[2021-12-25T17:03:35.435+0100][gc,phases    ] GC(1)   Other: 1.8ms
[2021-12-25T17:03:35.435+0100][gc,heap      ] GC(1) Eden regions: 23->0(49)
[2021-12-25T17:03:35.435+0100][gc,heap      ] GC(1) Survivor regions: 7->2(7)
[2021-12-25T17:03:35.437+0100][gc,heap      ] GC(1) Old regions: 2->9
[2021-12-25T17:03:35.449+0100][gc,heap      ] GC(1) Humongous regions: 0->0
[2021-12-25T17:03:35.449+0100][gc,metaspace ] GC(1) Metaspace: 20567K->20567K(1067008K)
[2021-12-25T17:03:35.450+0100][gc           ] GC(1) Pause Young (Concurrent Start) (Metadata GC Threshold) 29M->8M(1024M) 54.106ms
[2021-12-25T17:03:35.450+0100][gc,cpu       ] GC(1) User=0.19s Sys=0.02s Real=0.05s
[2021-12-25T17:03:35.450+0100][gc           ] GC(2) Concurrent Cycle
[2021-12-25T17:03:35.451+0100][gc,marking   ] GC(2) Concurrent Clear Claimed Marks
[2021-12-25T17:03:35.451+0100][gc,marking   ] GC(2) Concurrent Clear Claimed Marks 0.388ms
[2021-12-25T17:03:35.452+0100][gc,marking   ] GC(2) Concurrent Scan Root Regions
[2021-12-25T17:03:35.454+0100][gc,marking   ] GC(2) Concurrent Scan Root Regions 2.122ms
[2021-12-25T17:03:35.454+0100][gc,marking   ] GC(2) Concurrent Mark (11.009s)
[2021-12-25T17:03:35.455+0100][gc,marking   ] GC(2) Concurrent Mark From Roots
[2021-12-25T17:03:35.455+0100][gc,task      ] GC(2) Using 2 workers of 2 for marking
[2021-12-25T17:03:35.463+0100][gc,marking   ] GC(2) Concurrent Mark From Roots 7.988ms
[2021-12-25T17:03:35.463+0100][gc,marking   ] GC(2) Concurrent Preclean
[2021-12-25T17:03:35.463+0100][gc,marking   ] GC(2) Concurrent Preclean 0.442ms
[2021-12-25T17:03:35.464+0100][gc,marking   ] GC(2) Concurrent Mark (11.009s, 11.019s) 9.513ms
[2021-12-25T17:03:35.464+0100][gc,start     ] GC(2) Pause Remark
[2021-12-25T17:03:35.467+0100][gc,stringtable] GC(2) Cleaned string and symbol table, strings: 4987 processed, 0 removed, symbols: 50427 processed, 59 removed
[2021-12-25T17:03:35.468+0100][gc            ] GC(2) Pause Remark 8M->8M(1024M) 3.723ms
[2021-12-25T17:03:35.468+0100][gc,cpu        ] GC(2) User=0.01s Sys=0.00s Real=0.00s
[2021-12-25T17:03:35.469+0100][gc,marking    ] GC(2) Concurrent Rebuild Remembered Sets
[2021-12-25T17:03:35.473+0100][gc,marking    ] GC(2) Concurrent Rebuild Remembered Sets 4.015ms
[2021-12-25T17:03:35.473+0100][gc,start      ] GC(2) Pause Cleanup
[2021-12-25T17:03:35.474+0100][gc            ] GC(2) Pause Cleanup 8M->8M(1024M) 0.648ms
[2021-12-25T17:03:35.474+0100][gc,cpu        ] GC(2) User=0.00s Sys=0.00s Real=0.01s
[2021-12-25T17:03:35.475+0100][gc,marking    ] GC(2) Concurrent Cleanup for Next Mark
[2021-12-25T17:03:35.481+0100][gc,marking    ] GC(2) Concurrent Cleanup for Next Mark 5.979ms
[2021-12-25T17:03:35.481+0100][gc            ] GC(2) Concurrent Cycle 31.164ms
[2021-12-25T17:03:39.117+0100][gc,start      ] GC(3) Pause Young (Normal) (G1 Evacuation Pause)
[2021-12-25T17:03:39.118+0100][gc,task       ] GC(3) Using 8 workers of 8 for evacuation
[2021-12-25T17:03:39.125+0100][gc,phases     ] GC(3)   Pre Evacuate Collection Set: 0.0ms
[2021-12-25T17:03:39.125+0100][gc,phases     ] GC(3)   Evacuate Collection Set: 4.8ms
[2021-12-25T17:03:39.125+0100][gc,phases     ] GC(3)   Post Evacuate Collection Set: 1.1ms
[2021-12-25T17:03:39.126+0100][gc,phases     ] GC(3)   Other: 1.1ms
[2021-12-25T17:03:39.126+0100][gc,heap       ] GC(3) Eden regions: 49->0(47)
[2021-12-25T17:03:39.126+0100][gc,heap       ] GC(3) Survivor regions: 2->4(7)
[2021-12-25T17:03:39.127+0100][gc,heap       ] GC(3) Old regions: 9->9
[2021-12-25T17:03:39.127+0100][gc,heap       ] GC(3) Humongous regions: 129->129
[2021-12-25T17:03:39.128+0100][gc,metaspace  ] GC(3) Metaspace: 29801K->29801K(1075200K)
[2021-12-25T17:03:39.128+0100][gc            ] GC(3) Pause Young (Normal) (G1 Evacuation Pause) 186M->139M(1024M) 10.426ms
[2021-12-25T17:03:39.128+0100][gc,cpu        ] GC(3) User=0.04s Sys=0.00s Real=0.01s
[2021-12-25T17:03:40.106+0100][gc,start      ] GC(4) Pause Young (Concurrent Start) (Metadata GC Threshold)
[2021-12-25T17:03:40.107+0100][gc,task       ] GC(4) Using 8 workers of 8 for evacuation
[2021-12-25T17:03:40.118+0100][gc,phases     ] GC(4)   Pre Evacuate Collection Set: 0.3ms
[2021-12-25T17:03:40.118+0100][gc,phases     ] GC(4)   Evacuate Collection Set: 9.3ms
[2021-12-25T17:03:40.118+0100][gc,phases     ] GC(4)   Post Evacuate Collection Set: 0.8ms
[2021-12-25T17:03:40.118+0100][gc,phases     ] GC(4)   Other: 0.9ms
[2021-12-25T17:03:40.119+0100][gc,heap       ] GC(4) Eden regions: 26->0(45)
[2021-12-25T17:03:40.119+0100][gc,heap       ] GC(4) Survivor regions: 4->6(7)
[2021-12-25T17:03:40.119+0100][gc,heap       ] GC(4) Old regions: 9->9
[2021-12-25T17:03:40.119+0100][gc,heap       ] GC(4) Humongous regions: 129->129
[2021-12-25T17:03:40.120+0100][gc,metaspace  ] GC(4) Metaspace: 34387K->34387K(1079296K)
[2021-12-25T17:03:40.120+0100][gc            ] GC(4) Pause Young (Concurrent Start) (Metadata GC Threshold) 165M->141M(1024M) 13.726ms
[2021-12-25T17:03:40.120+0100][gc,cpu        ] GC(4) User=0.07s Sys=0.00s Real=0.01s
[2021-12-25T17:03:40.120+0100][gc            ] GC(5) Concurrent Cycle
[2021-12-25T17:03:40.121+0100][gc,marking    ] GC(5) Concurrent Clear Claimed Marks
[2021-12-25T17:03:40.122+0100][gc,marking    ] GC(5) Concurrent Clear Claimed Marks 0.487ms
[2021-12-25T17:03:40.122+0100][gc,marking    ] GC(5) Concurrent Scan Root Regions
[2021-12-25T17:03:40.126+0100][gc,marking    ] GC(5) Concurrent Scan Root Regions 4.378ms
[2021-12-25T17:03:40.127+0100][gc,marking    ] GC(5) Concurrent Mark (15.682s)
[2021-12-25T17:03:40.127+0100][gc,marking    ] GC(5) Concurrent Mark From Roots
[2021-12-25T17:03:40.127+0100][gc,task       ] GC(5) Using 2 workers of 2 for marking
[2021-12-25T17:03:40.137+0100][gc,marking    ] GC(5) Concurrent Mark From Roots 9.699ms
[2021-12-25T17:03:40.137+0100][gc,marking    ] GC(5) Concurrent Preclean
[2021-12-25T17:03:40.138+0100][gc,marking    ] GC(5) Concurrent Preclean 0.421ms
[2021-12-25T17:03:40.138+0100][gc,marking    ] GC(5) Concurrent Mark (15.682s, 15.693s) 11.193ms
[2021-12-25T17:03:40.139+0100][gc,start      ] GC(5) Pause Remark
[2021-12-25T17:03:40.145+0100][gc,stringtable] GC(5) Cleaned string and symbol table, strings: 10787 processed, 10 removed, symbols: 82221 processed, 17 removed
[2021-12-25T17:03:40.146+0100][gc            ] GC(5) Pause Remark 142M->142M(1024M) 7.538ms
[2021-12-25T17:03:40.147+0100][gc,cpu        ] GC(5) User=0.05s Sys=0.00s Real=0.01s
[2021-12-25T17:03:40.147+0100][gc,marking    ] GC(5) Concurrent Rebuild Remembered Sets
[2021-12-25T17:03:40.159+0100][gc,marking    ] GC(5) Concurrent Rebuild Remembered Sets 11.816ms
[2021-12-25T17:03:40.161+0100][gc,start      ] GC(5) Pause Cleanup
[2021-12-25T17:03:40.161+0100][gc            ] GC(5) Pause Cleanup 143M->143M(1024M) 0.644ms
[2021-12-25T17:03:40.161+0100][gc,cpu        ] GC(5) User=0.01s Sys=0.00s Real=0.00s
[2021-12-25T17:03:40.162+0100][gc,marking    ] GC(5) Concurrent Cleanup for Next Mark
[2021-12-25T17:03:40.174+0100][gc,marking    ] GC(5) Concurrent Cleanup for Next Mark 12.370ms
[2021-12-25T17:03:40.175+0100][gc            ] GC(5) Concurrent Cycle 54.269ms
[2021-12-25T17:17:20.718+0100][gc,start      ] GC(6) Pause Young (Normal) (G1 Evacuation Pause)
[2021-12-25T17:17:20.718+0100][gc,task       ] GC(6) Using 8 workers of 8 for evacuation
[2021-12-25T17:17:20.745+0100][gc,mmu        ] GC(6) MMU target violated: 21.0ms (20.0ms/21.0ms)
[2021-12-25T17:17:20.746+0100][gc,phases     ] GC(6)   Pre Evacuate Collection Set: 0.0ms
[2021-12-25T17:17:20.746+0100][gc,phases     ] GC(6)   Evacuate Collection Set: 18.1ms
[2021-12-25T17:17:20.747+0100][gc,phases     ] GC(6)   Post Evacuate Collection Set: 7.7ms
[2021-12-25T17:17:20.747+0100][gc,phases     ] GC(6)   Other: 2.1ms
[2021-12-25T17:17:20.748+0100][gc,heap       ] GC(6) Eden regions: 45->0(46)
[2021-12-25T17:17:20.748+0100][gc,heap       ] GC(6) Survivor regions: 6->5(7)
[2021-12-25T17:17:20.749+0100][gc,heap       ] GC(6) Old regions: 9->12
[2021-12-25T17:17:20.749+0100][gc,heap       ] GC(6) Humongous regions: 129->129
[2021-12-25T17:17:20.750+0100][gc,metaspace  ] GC(6) Metaspace: 41679K->41679K(1087488K)
[2021-12-25T17:17:20.750+0100][gc            ] GC(6) Pause Young (Normal) (G1 Evacuation Pause) 186M->143M(1024M) 32.631ms
[2021-12-25T17:17:20.751+0100][gc,cpu        ] GC(6) User=0.09s Sys=0.00s Real=0.03s
[2021-12-25T17:37:46.419+0100][gc,start      ] GC(7) Pause Young (Normal) (G1 Evacuation Pause)
[2021-12-25T17:37:46.421+0100][gc,task       ] GC(7) Using 8 workers of 8 for evacuation
[2021-12-25T17:37:46.476+0100][gc,mmu        ] GC(7) MMU target violated: 21.0ms (20.0ms/21.0ms)
[2021-12-25T17:37:46.477+0100][gc,phases     ] GC(7)   Pre Evacuate Collection Set: 0.1ms
[2021-12-25T17:37:46.478+0100][gc,phases     ] GC(7)   Evacuate Collection Set: 44.7ms
[2021-12-25T17:37:46.479+0100][gc,phases     ] GC(7)   Post Evacuate Collection Set: 8.0ms
[2021-12-25T17:37:46.480+0100][gc,phases     ] GC(7)   Other: 5.8ms
[2021-12-25T17:37:46.481+0100][gc,heap       ] GC(7) Eden regions: 46->0(47)
[2021-12-25T17:37:46.482+0100][gc,heap       ] GC(7) Survivor regions: 5->4(7)
[2021-12-25T17:37:46.483+0100][gc,heap       ] GC(7) Old regions: 12->15
[2021-12-25T17:37:46.484+0100][gc,heap       ] GC(7) Humongous regions: 129->129
[2021-12-25T17:37:46.485+0100][gc,metaspace  ] GC(7) Metaspace: 43287K->43287K(1087488K)
[2021-12-25T17:37:46.486+0100][gc            ] GC(7) Pause Young (Normal) (G1 Evacuation Pause) 189M->145M(1024M) 67.286ms
[2021-12-25T17:37:46.487+0100][gc,cpu        ] GC(7) User=0.19s Sys=0.02s Real=0.07s
[2021-12-25T18:16:23.842+0100][gc,start      ] GC(8) Pause Young (Normal) (G1 Evacuation Pause)
[2021-12-25T18:16:23.843+0100][gc,task       ] GC(8) Using 8 workers of 8 for evacuation
[2021-12-25T18:16:23.867+0100][gc,mmu        ] GC(8) MMU target violated: 21.0ms (20.0ms/21.0ms)
[2021-12-25T18:16:23.868+0100][gc,phases     ] GC(8)   Pre Evacuate Collection Set: 0.1ms
[2021-12-25T18:16:23.869+0100][gc,phases     ] GC(8)   Evacuate Collection Set: 11.2ms
[2021-12-25T18:16:23.870+0100][gc,phases     ] GC(8)   Post Evacuate Collection Set: 11.1ms
[2021-12-25T18:16:23.871+0100][gc,phases     ] GC(8)   Other: 4.1ms
[2021-12-25T18:16:23.872+0100][gc,heap       ] GC(8) Eden regions: 47->0(47)
[2021-12-25T18:16:23.874+0100][gc,heap       ] GC(8) Survivor regions: 4->4(7)
[2021-12-25T18:16:23.875+0100][gc,heap       ] GC(8) Old regions: 15->15
[2021-12-25T18:16:23.876+0100][gc,heap       ] GC(8) Humongous regions: 129->129
[2021-12-25T18:16:23.877+0100][gc,metaspace  ] GC(8) Metaspace: 43500K->43500K(1087488K)
[2021-12-25T18:16:23.878+0100][gc            ] GC(8) Pause Young (Normal) (G1 Evacuation Pause) 192M->145M(1024M) 36.517ms
[2021-12-25T18:16:23.879+0100][gc,cpu        ] GC(8) User=0.12s Sys=0.01s Real=0.04s
[2021-12-25T18:32:59.542+0100][gc,heap,exit  ] Heap
[2021-12-25T18:32:59.542+0100][gc,heap,exit  ]  garbage-first heap   total 1048576K, used 169439K [0x00000000c0000000, 0x0000000100000000)
[2021-12-25T18:32:59.542+0100][gc,heap,exit  ]   region size 1024K, 26 young (26624K), 4 survivors (4096K)
[2021-12-25T18:32:59.543+0100][gc,heap,exit  ]  Metaspace       used 44218K, capacity 47069K, committed 47432K, reserved 1089536K
[2021-12-25T18:32:59.546+0100][gc,heap,exit  ]   class space    used 6286K, capacity 7695K, committed 7804K, reserved 1048576K
