[2021-12-26T22:26:43.372+0100][gc,heap] Heap region size: 1M
[2021-12-26T22:26:43.409+0100][gc     ] Using G1
[2021-12-26T22:26:43.409+0100][gc,heap,coops] Heap address: 0x00000000c0000000, size: 1024 MB, Compressed Oops mode: 32-bit
[2021-12-26T22:26:43.411+0100][gc,cds       ] Mark closed archive regions in map: [0x00000000fff00000, 0x00000000fff69ff8]
[2021-12-26T22:26:43.412+0100][gc,cds       ] Mark open archive regions in map: [0x00000000ffe00000, 0x00000000ffe46ff8]
[2021-12-26T22:26:49.604+0100][gc,start     ] GC(0) Pause Young (Normal) (G1 Evacuation Pause)
[2021-12-26T22:26:49.607+0100][gc,task      ] GC(0) Using 8 workers of 8 for evacuation
[2021-12-26T22:26:49.638+0100][gc,mmu       ] GC(0) MMU target violated: 21.0ms (20.0ms/21.0ms)
[2021-12-26T22:26:49.639+0100][gc,phases    ] GC(0)   Pre Evacuate Collection Set: 0.1ms
[2021-12-26T22:26:49.639+0100][gc,phases    ] GC(0)   Evacuate Collection Set: 29.2ms
[2021-12-26T22:26:49.640+0100][gc,phases    ] GC(0)   Post Evacuate Collection Set: 1.5ms
[2021-12-26T22:26:49.640+0100][gc,phases    ] GC(0)   Other: 4.4ms
[2021-12-26T22:26:49.640+0100][gc,heap      ] GC(0) Eden regions: 51->0(44)
[2021-12-26T22:26:49.641+0100][gc,heap      ] GC(0) Survivor regions: 0->7(7)
[2021-12-26T22:26:49.641+0100][gc,heap      ] GC(0) Old regions: 2->2
[2021-12-26T22:26:49.642+0100][gc,heap      ] GC(0) Humongous regions: 0->0
[2021-12-26T22:26:49.642+0100][gc,metaspace ] GC(0) Metaspace: 15212K->15212K(1062912K)
[2021-12-26T22:26:49.642+0100][gc           ] GC(0) Pause Young (Normal) (G1 Evacuation Pause) 51M->7M(1024M) 38.545ms
[2021-12-26T22:26:49.643+0100][gc,cpu       ] GC(0) User=0.17s Sys=0.05s Real=0.03s
[2021-12-26T22:26:52.471+0100][gc,start     ] GC(1) Pause Young (Concurrent Start) (Metadata GC Threshold)
[2021-12-26T22:26:52.472+0100][gc,task      ] GC(1) Using 8 workers of 8 for evacuation
[2021-12-26T22:26:52.497+0100][gc,mmu       ] GC(1) MMU target violated: 21.0ms (20.0ms/21.0ms)
[2021-12-26T22:26:52.498+0100][gc,phases    ] GC(1)   Pre Evacuate Collection Set: 0.1ms
[2021-12-26T22:26:52.498+0100][gc,phases    ] GC(1)   Evacuate Collection Set: 22.6ms
[2021-12-26T22:26:52.498+0100][gc,phases    ] GC(1)   Post Evacuate Collection Set: 1.1ms
[2021-12-26T22:26:52.499+0100][gc,phases    ] GC(1)   Other: 2.8ms
[2021-12-26T22:26:52.499+0100][gc,heap      ] GC(1) Eden regions: 23->0(49)
[2021-12-26T22:26:52.499+0100][gc,heap      ] GC(1) Survivor regions: 7->2(7)
[2021-12-26T22:26:52.500+0100][gc,heap      ] GC(1) Old regions: 2->9
[2021-12-26T22:26:52.500+0100][gc,heap      ] GC(1) Humongous regions: 0->0
[2021-12-26T22:26:52.500+0100][gc,metaspace ] GC(1) Metaspace: 20584K->20584K(1067008K)
[2021-12-26T22:26:52.501+0100][gc           ] GC(1) Pause Young (Concurrent Start) (Metadata GC Threshold) 29M->8M(1024M) 29.114ms
[2021-12-26T22:26:52.501+0100][gc,cpu       ] GC(1) User=0.10s Sys=0.02s Real=0.03s
[2021-12-26T22:26:52.501+0100][gc           ] GC(2) Concurrent Cycle
[2021-12-26T22:26:52.502+0100][gc,marking   ] GC(2) Concurrent Clear Claimed Marks
[2021-12-26T22:26:52.503+0100][gc,marking   ] GC(2) Concurrent Clear Claimed Marks 1.090ms
[2021-12-26T22:26:52.503+0100][gc,marking   ] GC(2) Concurrent Scan Root Regions
[2021-12-26T22:26:52.505+0100][gc,marking   ] GC(2) Concurrent Scan Root Regions 2.059ms
[2021-12-26T22:26:52.506+0100][gc,marking   ] GC(2) Concurrent Mark (9.457s)
[2021-12-26T22:26:52.506+0100][gc,marking   ] GC(2) Concurrent Mark From Roots
[2021-12-26T22:26:52.506+0100][gc,task      ] GC(2) Using 2 workers of 2 for marking
[2021-12-26T22:26:52.517+0100][gc,marking   ] GC(2) Concurrent Mark From Roots 11.037ms
[2021-12-26T22:26:52.517+0100][gc,marking   ] GC(2) Concurrent Preclean
[2021-12-26T22:26:52.518+0100][gc,marking   ] GC(2) Concurrent Preclean 0.502ms
[2021-12-26T22:26:52.518+0100][gc,marking   ] GC(2) Concurrent Mark (9.457s, 9.470s) 12.444ms
[2021-12-26T22:26:52.519+0100][gc,start     ] GC(2) Pause Remark
[2021-12-26T22:26:52.527+0100][gc,stringtable] GC(2) Cleaned string and symbol table, strings: 5016 processed, 0 removed, symbols: 50564 processed, 59 removed
[2021-12-26T22:26:52.528+0100][gc            ] GC(2) Pause Remark 8M->8M(1024M) 9.342ms
[2021-12-26T22:26:52.528+0100][gc,cpu        ] GC(2) User=0.04s Sys=0.00s Real=0.01s
[2021-12-26T22:26:52.529+0100][gc,marking    ] GC(2) Concurrent Rebuild Remembered Sets
[2021-12-26T22:26:52.535+0100][gc,marking    ] GC(2) Concurrent Rebuild Remembered Sets 5.668ms
[2021-12-26T22:26:52.536+0100][gc,start      ] GC(2) Pause Cleanup
[2021-12-26T22:26:52.536+0100][gc            ] GC(2) Pause Cleanup 8M->8M(1024M) 0.701ms
[2021-12-26T22:26:52.537+0100][gc,cpu        ] GC(2) User=0.00s Sys=0.00s Real=0.00s
[2021-12-26T22:26:52.537+0100][gc,marking    ] GC(2) Concurrent Cleanup for Next Mark
[2021-12-26T22:26:52.541+0100][gc,marking    ] GC(2) Concurrent Cleanup for Next Mark 4.467ms
[2021-12-26T22:26:52.542+0100][gc            ] GC(2) Concurrent Cycle 40.783ms
[2021-12-26T22:26:55.965+0100][gc,start      ] GC(3) Pause Young (Normal) (G1 Evacuation Pause)
[2021-12-26T22:26:55.965+0100][gc,task       ] GC(3) Using 8 workers of 8 for evacuation
[2021-12-26T22:26:55.971+0100][gc,phases     ] GC(3)   Pre Evacuate Collection Set: 0.0ms
[2021-12-26T22:26:55.971+0100][gc,phases     ] GC(3)   Evacuate Collection Set: 4.4ms
[2021-12-26T22:26:55.971+0100][gc,phases     ] GC(3)   Post Evacuate Collection Set: 0.8ms
[2021-12-26T22:26:55.972+0100][gc,phases     ] GC(3)   Other: 0.8ms
[2021-12-26T22:26:55.972+0100][gc,heap       ] GC(3) Eden regions: 49->0(47)
[2021-12-26T22:26:55.972+0100][gc,heap       ] GC(3) Survivor regions: 2->4(7)
[2021-12-26T22:26:55.972+0100][gc,heap       ] GC(3) Old regions: 9->9
[2021-12-26T22:26:55.973+0100][gc,heap       ] GC(3) Humongous regions: 129->129
[2021-12-26T22:26:55.973+0100][gc,metaspace  ] GC(3) Metaspace: 29648K->29648K(1075200K)
[2021-12-26T22:26:55.973+0100][gc            ] GC(3) Pause Young (Normal) (G1 Evacuation Pause) 186M->139M(1024M) 8.572ms
[2021-12-26T22:26:55.974+0100][gc,cpu        ] GC(3) User=0.02s Sys=0.01s Real=0.01s
[2021-12-26T22:26:57.456+0100][gc,start      ] GC(4) Pause Young (Concurrent Start) (Metadata GC Threshold)
[2021-12-26T22:26:57.456+0100][gc,task       ] GC(4) Using 8 workers of 8 for evacuation
[2021-12-26T22:26:57.466+0100][gc,phases     ] GC(4)   Pre Evacuate Collection Set: 0.2ms
[2021-12-26T22:26:57.466+0100][gc,phases     ] GC(4)   Evacuate Collection Set: 8.1ms
[2021-12-26T22:26:57.467+0100][gc,phases     ] GC(4)   Post Evacuate Collection Set: 0.9ms
[2021-12-26T22:26:57.467+0100][gc,phases     ] GC(4)   Other: 1.3ms
[2021-12-26T22:26:57.467+0100][gc,heap       ] GC(4) Eden regions: 26->0(45)
[2021-12-26T22:26:57.468+0100][gc,heap       ] GC(4) Survivor regions: 4->6(7)
[2021-12-26T22:26:57.468+0100][gc,heap       ] GC(4) Old regions: 9->9
[2021-12-26T22:26:57.468+0100][gc,heap       ] GC(4) Humongous regions: 129->129
[2021-12-26T22:26:57.469+0100][gc,metaspace  ] GC(4) Metaspace: 34358K->34358K(1079296K)
[2021-12-26T22:26:57.469+0100][gc            ] GC(4) Pause Young (Concurrent Start) (Metadata GC Threshold) 165M->141M(1024M) 13.481ms
[2021-12-26T22:26:57.469+0100][gc,cpu        ] GC(4) User=0.06s Sys=0.00s Real=0.01s
[2021-12-26T22:26:57.470+0100][gc            ] GC(5) Concurrent Cycle
[2021-12-26T22:26:57.470+0100][gc,marking    ] GC(5) Concurrent Clear Claimed Marks
[2021-12-26T22:26:57.471+0100][gc,marking    ] GC(5) Concurrent Clear Claimed Marks 0.421ms
[2021-12-26T22:26:57.471+0100][gc,marking    ] GC(5) Concurrent Scan Root Regions
[2021-12-26T22:26:57.476+0100][gc,marking    ] GC(5) Concurrent Scan Root Regions 5.236ms
[2021-12-26T22:26:57.477+0100][gc,marking    ] GC(5) Concurrent Mark (14.429s)
[2021-12-26T22:26:57.477+0100][gc,marking    ] GC(5) Concurrent Mark From Roots
[2021-12-26T22:26:57.477+0100][gc,task       ] GC(5) Using 2 workers of 2 for marking
[2021-12-26T22:26:57.494+0100][gc,marking    ] GC(5) Concurrent Mark From Roots 16.579ms
[2021-12-26T22:26:57.494+0100][gc,marking    ] GC(5) Concurrent Preclean
[2021-12-26T22:26:57.495+0100][gc,marking    ] GC(5) Concurrent Preclean 0.651ms
[2021-12-26T22:26:57.495+0100][gc,marking    ] GC(5) Concurrent Mark (14.429s, 14.447s) 18.318ms
[2021-12-26T22:26:57.496+0100][gc,start      ] GC(5) Pause Remark
[2021-12-26T22:26:57.500+0100][gc,stringtable] GC(5) Cleaned string and symbol table, strings: 10711 processed, 10 removed, symbols: 82023 processed, 17 removed
[2021-12-26T22:26:57.502+0100][gc            ] GC(5) Pause Remark 143M->143M(1024M) 5.697ms
[2021-12-26T22:26:57.502+0100][gc,cpu        ] GC(5) User=0.02s Sys=0.00s Real=0.00s
[2021-12-26T22:26:57.503+0100][gc,marking    ] GC(5) Concurrent Rebuild Remembered Sets
[2021-12-26T22:26:57.510+0100][gc,marking    ] GC(5) Concurrent Rebuild Remembered Sets 6.980ms
[2021-12-26T22:26:57.511+0100][gc,start      ] GC(5) Pause Cleanup
[2021-12-26T22:26:57.511+0100][gc            ] GC(5) Pause Cleanup 143M->143M(1024M) 0.712ms
[2021-12-26T22:26:57.512+0100][gc,cpu        ] GC(5) User=0.00s Sys=0.00s Real=0.00s
[2021-12-26T22:26:57.512+0100][gc,marking    ] GC(5) Concurrent Cleanup for Next Mark
[2021-12-26T22:26:57.528+0100][gc,marking    ] GC(5) Concurrent Cleanup for Next Mark 16.301ms
[2021-12-26T22:26:57.530+0100][gc            ] GC(5) Concurrent Cycle 59.541ms
[2021-12-26T22:33:38.074+0100][gc,start      ] GC(6) Pause Young (Normal) (G1 Evacuation Pause)
[2021-12-26T22:33:38.076+0100][gc,task       ] GC(6) Using 8 workers of 8 for evacuation
[2021-12-26T22:33:38.110+0100][gc,mmu        ] GC(6) MMU target violated: 21.0ms (20.0ms/21.0ms)
[2021-12-26T22:33:38.111+0100][gc,phases     ] GC(6)   Pre Evacuate Collection Set: 0.1ms
[2021-12-26T22:33:38.112+0100][gc,phases     ] GC(6)   Evacuate Collection Set: 28.0ms
[2021-12-26T22:33:38.113+0100][gc,phases     ] GC(6)   Post Evacuate Collection Set: 4.9ms
[2021-12-26T22:33:38.114+0100][gc,phases     ] GC(6)   Other: 4.0ms
[2021-12-26T22:33:38.115+0100][gc,heap       ] GC(6) Eden regions: 45->0(46)
[2021-12-26T22:33:38.116+0100][gc,heap       ] GC(6) Survivor regions: 6->5(7)
[2021-12-26T22:33:38.117+0100][gc,heap       ] GC(6) Old regions: 9->12
[2021-12-26T22:33:38.118+0100][gc,heap       ] GC(6) Humongous regions: 129->129
[2021-12-26T22:33:38.119+0100][gc,metaspace  ] GC(6) Metaspace: 42306K->42306K(1087488K)
[2021-12-26T22:33:38.120+0100][gc            ] GC(6) Pause Young (Normal) (G1 Evacuation Pause) 186M->144M(1024M) 45.914ms
[2021-12-26T22:33:38.121+0100][gc,cpu        ] GC(6) User=0.13s Sys=0.08s Real=0.04s
[2021-12-26T23:00:46.462+0100][gc,heap,exit  ] Heap
[2021-12-26T23:00:46.463+0100][gc,heap,exit  ]  garbage-first heap   total 1048576K, used 178266K [0x00000000c0000000, 0x0000000100000000)
[2021-12-26T23:00:46.465+0100][gc,heap,exit  ]   region size 1024K, 37 young (37888K), 5 survivors (5120K)
[2021-12-26T23:00:46.466+0100][gc,heap,exit  ]  Metaspace       used 43453K, capacity 46288K, committed 46408K, reserved 1087488K
[2021-12-26T23:00:46.467+0100][gc,heap,exit  ]   class space    used 6334K, capacity 7769K, committed 7856K, reserved 1048576K
