[2021-12-26T15:27:21.678+0100][gc,heap] Heap region size: 1M
[2021-12-26T15:27:21.713+0100][gc     ] Using G1
[2021-12-26T15:27:21.714+0100][gc,heap,coops] Heap address: 0x00000000c0000000, size: 1024 MB, Compressed Oops mode: 32-bit
[2021-12-26T15:27:21.716+0100][gc,cds       ] Mark closed archive regions in map: [0x00000000fff00000, 0x00000000fff69ff8]
[2021-12-26T15:27:21.717+0100][gc,cds       ] Mark open archive regions in map: [0x00000000ffe00000, 0x00000000ffe46ff8]
[2021-12-26T15:27:28.893+0100][gc,start     ] GC(0) Pause Young (Normal) (G1 Evacuation Pause)
[2021-12-26T15:27:28.896+0100][gc,task      ] GC(0) Using 8 workers of 8 for evacuation
[2021-12-26T15:27:28.918+0100][gc,mmu       ] GC(0) MMU target violated: 20.8ms (20.0ms/21.0ms)
[2021-12-26T15:27:28.918+0100][gc,phases    ] GC(0)   Pre Evacuate Collection Set: 0.0ms
[2021-12-26T15:27:28.918+0100][gc,phases    ] GC(0)   Evacuate Collection Set: 19.7ms
[2021-12-26T15:27:28.918+0100][gc,phases    ] GC(0)   Post Evacuate Collection Set: 1.0ms
[2021-12-26T15:27:28.919+0100][gc,phases    ] GC(0)   Other: 4.6ms
[2021-12-26T15:27:28.919+0100][gc,heap      ] GC(0) Eden regions: 51->0(44)
[2021-12-26T15:27:28.919+0100][gc,heap      ] GC(0) Survivor regions: 0->7(7)
[2021-12-26T15:27:28.919+0100][gc,heap      ] GC(0) Old regions: 2->2
[2021-12-26T15:27:28.920+0100][gc,heap      ] GC(0) Humongous regions: 0->0
[2021-12-26T15:27:28.920+0100][gc,metaspace ] GC(0) Metaspace: 15213K->15213K(1062912K)
[2021-12-26T15:27:28.920+0100][gc           ] GC(0) Pause Young (Normal) (G1 Evacuation Pause) 51M->7M(1024M) 27.567ms
[2021-12-26T15:27:28.920+0100][gc,cpu       ] GC(0) User=0.13s Sys=0.00s Real=0.03s
[2021-12-26T15:27:31.545+0100][gc,start     ] GC(1) Pause Young (Concurrent Start) (Metadata GC Threshold)
[2021-12-26T15:27:31.545+0100][gc,task      ] GC(1) Using 8 workers of 8 for evacuation
[2021-12-26T15:27:31.562+0100][gc,phases    ] GC(1)   Pre Evacuate Collection Set: 0.1ms
[2021-12-26T15:27:31.562+0100][gc,phases    ] GC(1)   Evacuate Collection Set: 15.1ms
[2021-12-26T15:27:31.563+0100][gc,phases    ] GC(1)   Post Evacuate Collection Set: 0.9ms
[2021-12-26T15:27:31.563+0100][gc,phases    ] GC(1)   Other: 0.9ms
[2021-12-26T15:27:31.563+0100][gc,heap      ] GC(1) Eden regions: 23->0(49)
[2021-12-26T15:27:31.563+0100][gc,heap      ] GC(1) Survivor regions: 7->2(7)
[2021-12-26T15:27:31.563+0100][gc,heap      ] GC(1) Old regions: 2->9
[2021-12-26T15:27:31.564+0100][gc,heap      ] GC(1) Humongous regions: 0->0
[2021-12-26T15:27:31.564+0100][gc,metaspace ] GC(1) Metaspace: 20567K->20567K(1067008K)
[2021-12-26T15:27:31.564+0100][gc           ] GC(1) Pause Young (Concurrent Start) (Metadata GC Threshold) 29M->8M(1024M) 19.051ms
[2021-12-26T15:27:31.564+0100][gc,cpu       ] GC(1) User=0.02s Sys=0.06s Real=0.02s
[2021-12-26T15:27:31.565+0100][gc           ] GC(2) Concurrent Cycle
[2021-12-26T15:27:31.565+0100][gc,marking   ] GC(2) Concurrent Clear Claimed Marks
[2021-12-26T15:27:31.566+0100][gc,marking   ] GC(2) Concurrent Clear Claimed Marks 0.704ms
[2021-12-26T15:27:31.569+0100][gc,marking   ] GC(2) Concurrent Scan Root Regions
[2021-12-26T15:27:31.570+0100][gc,marking   ] GC(2) Concurrent Scan Root Regions 1.701ms
[2021-12-26T15:27:31.571+0100][gc,marking   ] GC(2) Concurrent Mark (10.166s)
[2021-12-26T15:27:31.571+0100][gc,marking   ] GC(2) Concurrent Mark From Roots
[2021-12-26T15:27:31.571+0100][gc,task      ] GC(2) Using 2 workers of 2 for marking
[2021-12-26T15:27:31.582+0100][gc,marking   ] GC(2) Concurrent Mark From Roots 10.493ms
[2021-12-26T15:27:31.582+0100][gc,marking   ] GC(2) Concurrent Preclean
[2021-12-26T15:27:31.583+0100][gc,marking   ] GC(2) Concurrent Preclean 0.500ms
[2021-12-26T15:27:31.583+0100][gc,marking   ] GC(2) Concurrent Mark (10.166s, 10.178s) 12.188ms
[2021-12-26T15:27:31.583+0100][gc,start     ] GC(2) Pause Remark
[2021-12-26T15:27:31.588+0100][gc,stringtable] GC(2) Cleaned string and symbol table, strings: 5018 processed, 0 removed, symbols: 50548 processed, 59 removed
[2021-12-26T15:27:31.588+0100][gc            ] GC(2) Pause Remark 8M->8M(1024M) 4.927ms
[2021-12-26T15:27:31.589+0100][gc,cpu        ] GC(2) User=0.02s Sys=0.00s Real=0.01s
[2021-12-26T15:27:31.589+0100][gc,marking    ] GC(2) Concurrent Rebuild Remembered Sets
[2021-12-26T15:27:31.594+0100][gc,marking    ] GC(2) Concurrent Rebuild Remembered Sets 5.459ms
[2021-12-26T15:27:31.595+0100][gc,start      ] GC(2) Pause Cleanup
[2021-12-26T15:27:31.596+0100][gc            ] GC(2) Pause Cleanup 8M->8M(1024M) 0.749ms
[2021-12-26T15:27:31.596+0100][gc,cpu        ] GC(2) User=0.00s Sys=0.00s Real=0.00s
[2021-12-26T15:27:31.597+0100][gc,marking    ] GC(2) Concurrent Cleanup for Next Mark
[2021-12-26T15:27:31.603+0100][gc,marking    ] GC(2) Concurrent Cleanup for Next Mark 6.467ms
[2021-12-26T15:27:31.603+0100][gc            ] GC(2) Concurrent Cycle 38.894ms
[2021-12-26T15:27:35.581+0100][gc,start      ] GC(3) Pause Young (Normal) (G1 Evacuation Pause)
[2021-12-26T15:27:35.582+0100][gc,task       ] GC(3) Using 8 workers of 8 for evacuation
[2021-12-26T15:27:35.595+0100][gc,phases     ] GC(3)   Pre Evacuate Collection Set: 0.1ms
[2021-12-26T15:27:35.596+0100][gc,phases     ] GC(3)   Evacuate Collection Set: 10.6ms
[2021-12-26T15:27:35.597+0100][gc,phases     ] GC(3)   Post Evacuate Collection Set: 1.5ms
[2021-12-26T15:27:35.597+0100][gc,phases     ] GC(3)   Other: 2.4ms
[2021-12-26T15:27:35.598+0100][gc,heap       ] GC(3) Eden regions: 49->0(47)
[2021-12-26T15:27:35.598+0100][gc,heap       ] GC(3) Survivor regions: 2->4(7)
[2021-12-26T15:27:35.598+0100][gc,heap       ] GC(3) Old regions: 9->9
[2021-12-26T15:27:35.599+0100][gc,heap       ] GC(3) Humongous regions: 129->129
[2021-12-26T15:27:35.599+0100][gc,metaspace  ] GC(3) Metaspace: 29767K->29767K(1075200K)
[2021-12-26T15:27:35.600+0100][gc            ] GC(3) Pause Young (Normal) (G1 Evacuation Pause) 186M->139M(1024M) 18.697ms
[2021-12-26T15:27:35.600+0100][gc,cpu        ] GC(3) User=0.08s Sys=0.00s Real=0.02s
[2021-12-26T15:27:36.569+0100][gc,start      ] GC(4) Pause Young (Concurrent Start) (Metadata GC Threshold)
[2021-12-26T15:27:36.569+0100][gc,task       ] GC(4) Using 8 workers of 8 for evacuation
[2021-12-26T15:27:36.578+0100][gc,phases     ] GC(4)   Pre Evacuate Collection Set: 0.2ms
[2021-12-26T15:27:36.578+0100][gc,phases     ] GC(4)   Evacuate Collection Set: 7.0ms
[2021-12-26T15:27:36.578+0100][gc,phases     ] GC(4)   Post Evacuate Collection Set: 0.9ms
[2021-12-26T15:27:36.579+0100][gc,phases     ] GC(4)   Other: 0.9ms
[2021-12-26T15:27:36.579+0100][gc,heap       ] GC(4) Eden regions: 26->0(45)
[2021-12-26T15:27:36.579+0100][gc,heap       ] GC(4) Survivor regions: 4->6(7)
[2021-12-26T15:27:36.579+0100][gc,heap       ] GC(4) Old regions: 9->9
[2021-12-26T15:27:36.580+0100][gc,heap       ] GC(4) Humongous regions: 129->129
[2021-12-26T15:27:36.580+0100][gc,metaspace  ] GC(4) Metaspace: 34373K->34373K(1079296K)
[2021-12-26T15:27:36.580+0100][gc            ] GC(4) Pause Young (Concurrent Start) (Metadata GC Threshold) 165M->141M(1024M) 11.642ms
[2021-12-26T15:27:36.580+0100][gc,cpu        ] GC(4) User=0.05s Sys=0.00s Real=0.01s
[2021-12-26T15:27:36.581+0100][gc            ] GC(5) Concurrent Cycle
[2021-12-26T15:27:36.581+0100][gc,marking    ] GC(5) Concurrent Clear Claimed Marks
[2021-12-26T15:27:36.581+0100][gc,marking    ] GC(5) Concurrent Clear Claimed Marks 0.385ms
[2021-12-26T15:27:36.582+0100][gc,marking    ] GC(5) Concurrent Scan Root Regions
[2021-12-26T15:27:36.586+0100][gc,marking    ] GC(5) Concurrent Scan Root Regions 4.131ms
[2021-12-26T15:27:36.587+0100][gc,marking    ] GC(5) Concurrent Mark (15.182s)
[2021-12-26T15:27:36.587+0100][gc,marking    ] GC(5) Concurrent Mark From Roots
[2021-12-26T15:27:36.587+0100][gc,task       ] GC(5) Using 2 workers of 2 for marking
[2021-12-26T15:27:36.597+0100][gc,marking    ] GC(5) Concurrent Mark From Roots 10.401ms
[2021-12-26T15:27:36.598+0100][gc,marking    ] GC(5) Concurrent Preclean
[2021-12-26T15:27:36.598+0100][gc,marking    ] GC(5) Concurrent Preclean 0.546ms
[2021-12-26T15:27:36.599+0100][gc,marking    ] GC(5) Concurrent Mark (15.182s, 15.194s) 11.975ms
[2021-12-26T15:27:36.599+0100][gc,start      ] GC(5) Pause Remark
[2021-12-26T15:27:36.604+0100][gc,stringtable] GC(5) Cleaned string and symbol table, strings: 10790 processed, 12 removed, symbols: 81886 processed, 17 removed
[2021-12-26T15:27:36.604+0100][gc            ] GC(5) Pause Remark 142M->142M(1024M) 5.186ms
[2021-12-26T15:27:36.605+0100][gc,cpu        ] GC(5) User=0.01s Sys=0.00s Real=0.00s
[2021-12-26T15:27:36.605+0100][gc,marking    ] GC(5) Concurrent Rebuild Remembered Sets
[2021-12-26T15:27:36.611+0100][gc,marking    ] GC(5) Concurrent Rebuild Remembered Sets 6.216ms
[2021-12-26T15:27:36.612+0100][gc,start      ] GC(5) Pause Cleanup
[2021-12-26T15:27:36.613+0100][gc            ] GC(5) Pause Cleanup 142M->142M(1024M) 0.640ms
[2021-12-26T15:27:36.613+0100][gc,cpu        ] GC(5) User=0.00s Sys=0.00s Real=0.00s
[2021-12-26T15:27:36.613+0100][gc,marking    ] GC(5) Concurrent Cleanup for Next Mark
[2021-12-26T15:27:36.627+0100][gc,marking    ] GC(5) Concurrent Cleanup for Next Mark 13.188ms
[2021-12-26T15:27:36.627+0100][gc            ] GC(5) Concurrent Cycle 46.323ms
[2021-12-26T15:32:32.185+0100][gc,start      ] GC(6) Pause Young (Normal) (G1 Evacuation Pause)
[2021-12-26T15:32:32.187+0100][gc,task       ] GC(6) Using 8 workers of 8 for evacuation
[2021-12-26T15:32:32.227+0100][gc,mmu        ] GC(6) MMU target violated: 21.0ms (20.0ms/21.0ms)
[2021-12-26T15:32:32.228+0100][gc,phases     ] GC(6)   Pre Evacuate Collection Set: 0.2ms
[2021-12-26T15:32:32.229+0100][gc,phases     ] GC(6)   Evacuate Collection Set: 34.6ms
[2021-12-26T15:32:32.230+0100][gc,phases     ] GC(6)   Post Evacuate Collection Set: 4.1ms
[2021-12-26T15:32:32.231+0100][gc,phases     ] GC(6)   Other: 4.8ms
[2021-12-26T15:32:32.232+0100][gc,heap       ] GC(6) Eden regions: 45->0(46)
[2021-12-26T15:32:32.232+0100][gc,heap       ] GC(6) Survivor regions: 6->5(7)
[2021-12-26T15:32:32.233+0100][gc,heap       ] GC(6) Old regions: 9->12
[2021-12-26T15:32:32.234+0100][gc,heap       ] GC(6) Humongous regions: 129->129
[2021-12-26T15:32:32.235+0100][gc,metaspace  ] GC(6) Metaspace: 42450K->42450K(1087488K)
[2021-12-26T15:32:32.236+0100][gc            ] GC(6) Pause Young (Normal) (G1 Evacuation Pause) 186M->144M(1024M) 51.508ms
[2021-12-26T15:32:32.237+0100][gc,cpu        ] GC(6) User=0.15s Sys=0.08s Real=0.06s
[2021-12-26T17:08:06.504+0100][gc,start      ] GC(7) Pause Young (Normal) (G1 Evacuation Pause)
[2021-12-26T17:08:06.505+0100][gc,task       ] GC(7) Using 8 workers of 8 for evacuation
[2021-12-26T17:08:06.530+0100][gc,mmu        ] GC(7) MMU target violated: 21.0ms (20.0ms/21.0ms)
[2021-12-26T17:08:06.531+0100][gc,phases     ] GC(7)   Pre Evacuate Collection Set: 1.2ms
[2021-12-26T17:08:06.532+0100][gc,phases     ] GC(7)   Evacuate Collection Set: 17.8ms
[2021-12-26T17:08:06.533+0100][gc,phases     ] GC(7)   Post Evacuate Collection Set: 3.2ms
[2021-12-26T17:08:06.534+0100][gc,phases     ] GC(7)   Other: 4.8ms
[2021-12-26T17:08:06.535+0100][gc,heap       ] GC(7) Eden regions: 46->0(48)
[2021-12-26T17:08:06.537+0100][gc,heap       ] GC(7) Survivor regions: 5->3(7)
[2021-12-26T17:08:06.538+0100][gc,heap       ] GC(7) Old regions: 12->14
[2021-12-26T17:08:06.539+0100][gc,heap       ] GC(7) Humongous regions: 129->129
[2021-12-26T17:08:06.540+0100][gc,metaspace  ] GC(7) Metaspace: 43196K->43196K(1087488K)
[2021-12-26T17:08:06.541+0100][gc            ] GC(7) Pause Young (Normal) (G1 Evacuation Pause) 190M->144M(1024M) 36.988ms
[2021-12-26T17:08:06.542+0100][gc,cpu        ] GC(7) User=0.12s Sys=0.00s Real=0.04s
[2021-12-26T18:23:11.358+0100][gc,start      ] GC(8) Pause Young (Normal) (G1 Evacuation Pause)
[2021-12-26T18:23:11.359+0100][gc,task       ] GC(8) Using 8 workers of 8 for evacuation
[2021-12-26T18:23:11.392+0100][gc,mmu        ] GC(8) MMU target violated: 21.0ms (20.0ms/21.0ms)
[2021-12-26T18:23:11.396+0100][gc,phases     ] GC(8)   Pre Evacuate Collection Set: 4.4ms
[2021-12-26T18:23:11.397+0100][gc,phases     ] GC(8)   Evacuate Collection Set: 17.3ms
[2021-12-26T18:23:11.397+0100][gc,phases     ] GC(8)   Post Evacuate Collection Set: 10.0ms
[2021-12-26T18:23:11.398+0100][gc,phases     ] GC(8)   Other: 6.0ms
[2021-12-26T18:23:11.399+0100][gc,heap       ] GC(8) Eden regions: 48->0(48)
[2021-12-26T18:23:11.399+0100][gc,heap       ] GC(8) Survivor regions: 3->3(7)
[2021-12-26T18:23:11.400+0100][gc,heap       ] GC(8) Old regions: 14->14
[2021-12-26T18:23:11.404+0100][gc,heap       ] GC(8) Humongous regions: 129->129
[2021-12-26T18:23:11.405+0100][gc,metaspace  ] GC(8) Metaspace: 43945K->43945K(1089536K)
[2021-12-26T18:23:11.405+0100][gc            ] GC(8) Pause Young (Normal) (G1 Evacuation Pause) 192M->144M(1024M) 47.097ms
[2021-12-26T18:23:11.406+0100][gc,cpu        ] GC(8) User=0.09s Sys=0.02s Real=0.05s
[2021-12-26T19:30:06.903+0100][gc,start      ] GC(9) Pause Young (Normal) (G1 Evacuation Pause)
[2021-12-26T19:30:06.904+0100][gc,task       ] GC(9) Using 8 workers of 8 for evacuation
[2021-12-26T19:30:06.919+0100][gc,phases     ] GC(9)   Pre Evacuate Collection Set: 0.1ms
[2021-12-26T19:30:06.920+0100][gc,phases     ] GC(9)   Evacuate Collection Set: 6.9ms
[2021-12-26T19:30:06.920+0100][gc,phases     ] GC(9)   Post Evacuate Collection Set: 7.0ms
[2021-12-26T19:30:06.921+0100][gc,phases     ] GC(9)   Other: 2.1ms
[2021-12-26T19:30:06.921+0100][gc,heap       ] GC(9) Eden regions: 48->0(47)
[2021-12-26T19:30:06.922+0100][gc,heap       ] GC(9) Survivor regions: 3->4(7)
[2021-12-26T19:30:06.922+0100][gc,heap       ] GC(9) Old regions: 14->14
[2021-12-26T19:30:06.922+0100][gc,heap       ] GC(9) Humongous regions: 129->129
[2021-12-26T19:30:06.923+0100][gc,metaspace  ] GC(9) Metaspace: 44182K->44182K(1089536K)
[2021-12-26T19:30:06.923+0100][gc            ] GC(9) Pause Young (Normal) (G1 Evacuation Pause) 192M->144M(1024M) 20.234ms
[2021-12-26T19:30:06.924+0100][gc,cpu        ] GC(9) User=0.08s Sys=0.00s Real=0.02s
[2021-12-26T19:53:26.025+0100][gc,heap,exit  ] Heap
[2021-12-26T19:53:26.025+0100][gc,heap,exit  ]  garbage-first heap   total 1048576K, used 172788K [0x00000000c0000000, 0x0000000100000000)
[2021-12-26T19:53:26.026+0100][gc,heap,exit  ]   region size 1024K, 30 young (30720K), 4 survivors (4096K)
[2021-12-26T19:53:26.026+0100][gc,heap,exit  ]  Metaspace       used 44889K, capacity 47849K, committed 47996K, reserved 1089536K
[2021-12-26T19:53:26.027+0100][gc,heap,exit  ]   class space    used 6354K, capacity 7799K, committed 7856K, reserved 1048576K
