[2021-12-24T10:35:22.578+0100][gc,heap] Heap region size: 1M
[2021-12-24T10:35:22.609+0100][gc     ] Using G1
[2021-12-24T10:35:22.610+0100][gc,heap,coops] Heap address: 0x00000000c0000000, size: 1024 MB, Compressed Oops mode: 32-bit
[2021-12-24T10:35:22.612+0100][gc,cds       ] Mark closed archive regions in map: [0x00000000fff00000, 0x00000000fff69ff8]
[2021-12-24T10:35:22.613+0100][gc,cds       ] Mark open archive regions in map: [0x00000000ffe00000, 0x00000000ffe46ff8]
[2021-12-24T10:35:29.712+0100][gc,start     ] GC(0) Pause Young (Normal) (G1 Evacuation Pause)
[2021-12-24T10:35:29.714+0100][gc,task      ] GC(0) Using 8 workers of 8 for evacuation
[2021-12-24T10:35:29.739+0100][gc,mmu       ] GC(0) MMU target violated: 21.0ms (20.0ms/21.0ms)
[2021-12-24T10:35:29.740+0100][gc,phases    ] GC(0)   Pre Evacuate Collection Set: 0.0ms
[2021-12-24T10:35:29.740+0100][gc,phases    ] GC(0)   Evacuate Collection Set: 23.2ms
[2021-12-24T10:35:29.740+0100][gc,phases    ] GC(0)   Post Evacuate Collection Set: 1.3ms
[2021-12-24T10:35:29.741+0100][gc,phases    ] GC(0)   Other: 2.9ms
[2021-12-24T10:35:29.741+0100][gc,heap      ] GC(0) Eden regions: 51->0(44)
[2021-12-24T10:35:29.741+0100][gc,heap      ] GC(0) Survivor regions: 0->7(7)
[2021-12-24T10:35:29.741+0100][gc,heap      ] GC(0) Old regions: 2->2
[2021-12-24T10:35:29.742+0100][gc,heap      ] GC(0) Humongous regions: 0->0
[2021-12-24T10:35:29.742+0100][gc,metaspace ] GC(0) Metaspace: 15222K->15222K(1062912K)
[2021-12-24T10:35:29.742+0100][gc           ] GC(0) Pause Young (Normal) (G1 Evacuation Pause) 51M->7M(1024M) 30.111ms
[2021-12-24T10:35:29.743+0100][gc,cpu       ] GC(0) User=0.13s Sys=0.07s Real=0.03s
[2021-12-24T10:35:32.179+0100][gc,start     ] GC(1) Pause Young (Concurrent Start) (Metadata GC Threshold)
[2021-12-24T10:35:32.179+0100][gc,task      ] GC(1) Using 8 workers of 8 for evacuation
[2021-12-24T10:35:32.205+0100][gc,mmu       ] GC(1) MMU target violated: 21.0ms (20.0ms/21.0ms)
[2021-12-24T10:35:32.205+0100][gc,phases    ] GC(1)   Pre Evacuate Collection Set: 0.1ms
[2021-12-24T10:35:32.205+0100][gc,phases    ] GC(1)   Evacuate Collection Set: 22.6ms
[2021-12-24T10:35:32.206+0100][gc,phases    ] GC(1)   Post Evacuate Collection Set: 2.0ms
[2021-12-24T10:35:32.206+0100][gc,phases    ] GC(1)   Other: 1.9ms
[2021-12-24T10:35:32.207+0100][gc,heap      ] GC(1) Eden regions: 23->0(49)
[2021-12-24T10:35:32.207+0100][gc,heap      ] GC(1) Survivor regions: 7->2(7)
[2021-12-24T10:35:32.207+0100][gc,heap      ] GC(1) Old regions: 2->9
[2021-12-24T10:35:32.207+0100][gc,heap      ] GC(1) Humongous regions: 0->0
[2021-12-24T10:35:32.208+0100][gc,metaspace ] GC(1) Metaspace: 20579K->20579K(1067008K)
[2021-12-24T10:35:32.208+0100][gc           ] GC(1) Pause Young (Concurrent Start) (Metadata GC Threshold) 29M->8M(1024M) 29.519ms
[2021-12-24T10:35:32.209+0100][gc,cpu       ] GC(1) User=0.12s Sys=0.03s Real=0.03s
[2021-12-24T10:35:32.209+0100][gc           ] GC(2) Concurrent Cycle
[2021-12-24T10:35:32.209+0100][gc,marking   ] GC(2) Concurrent Clear Claimed Marks
[2021-12-24T10:35:32.211+0100][gc,marking   ] GC(2) Concurrent Clear Claimed Marks 1.474ms
[2021-12-24T10:35:32.212+0100][gc,marking   ] GC(2) Concurrent Scan Root Regions
[2021-12-24T10:35:32.217+0100][gc,marking   ] GC(2) Concurrent Scan Root Regions 4.652ms
[2021-12-24T10:35:32.217+0100][gc,marking   ] GC(2) Concurrent Mark (9.857s)
[2021-12-24T10:35:32.218+0100][gc,marking   ] GC(2) Concurrent Mark From Roots
[2021-12-24T10:35:32.218+0100][gc,task      ] GC(2) Using 2 workers of 2 for marking
[2021-12-24T10:35:32.228+0100][gc,marking   ] GC(2) Concurrent Mark From Roots 9.920ms
[2021-12-24T10:35:32.228+0100][gc,marking   ] GC(2) Concurrent Preclean
[2021-12-24T10:35:32.228+0100][gc,marking   ] GC(2) Concurrent Preclean 0.396ms
[2021-12-24T10:35:32.229+0100][gc,marking   ] GC(2) Concurrent Mark (9.857s, 9.869s) 11.409ms
[2021-12-24T10:35:32.229+0100][gc,start     ] GC(2) Pause Remark
[2021-12-24T10:35:32.232+0100][gc,stringtable] GC(2) Cleaned string and symbol table, strings: 5010 processed, 0 removed, symbols: 50549 processed, 59 removed
[2021-12-24T10:35:32.233+0100][gc            ] GC(2) Pause Remark 8M->8M(1024M) 3.315ms
[2021-12-24T10:35:32.233+0100][gc,cpu        ] GC(2) User=0.01s Sys=0.00s Real=0.00s
[2021-12-24T10:35:32.233+0100][gc,marking    ] GC(2) Concurrent Rebuild Remembered Sets
[2021-12-24T10:35:32.238+0100][gc,marking    ] GC(2) Concurrent Rebuild Remembered Sets 5.160ms
[2021-12-24T10:35:32.239+0100][gc,start      ] GC(2) Pause Cleanup
[2021-12-24T10:35:32.240+0100][gc            ] GC(2) Pause Cleanup 8M->8M(1024M) 0.551ms
[2021-12-24T10:35:32.240+0100][gc,cpu        ] GC(2) User=0.00s Sys=0.00s Real=0.00s
[2021-12-24T10:35:32.240+0100][gc,marking    ] GC(2) Concurrent Cleanup for Next Mark
[2021-12-24T10:35:32.246+0100][gc,marking    ] GC(2) Concurrent Cleanup for Next Mark 5.550ms
[2021-12-24T10:35:32.246+0100][gc            ] GC(2) Concurrent Cycle 36.804ms
[2021-12-24T10:35:35.831+0100][gc,start      ] GC(3) Pause Young (Normal) (G1 Evacuation Pause)
[2021-12-24T10:35:35.832+0100][gc,task       ] GC(3) Using 8 workers of 8 for evacuation
[2021-12-24T10:35:35.839+0100][gc,phases     ] GC(3)   Pre Evacuate Collection Set: 0.0ms
[2021-12-24T10:35:35.840+0100][gc,phases     ] GC(3)   Evacuate Collection Set: 5.7ms
[2021-12-24T10:35:35.841+0100][gc,phases     ] GC(3)   Post Evacuate Collection Set: 0.8ms
[2021-12-24T10:35:35.841+0100][gc,phases     ] GC(3)   Other: 1.0ms
[2021-12-24T10:35:35.841+0100][gc,heap       ] GC(3) Eden regions: 49->0(47)
[2021-12-24T10:35:35.842+0100][gc,heap       ] GC(3) Survivor regions: 2->4(7)
[2021-12-24T10:35:35.842+0100][gc,heap       ] GC(3) Old regions: 9->9
[2021-12-24T10:35:35.842+0100][gc,heap       ] GC(3) Humongous regions: 129->129
[2021-12-24T10:35:35.842+0100][gc,metaspace  ] GC(3) Metaspace: 29785K->29785K(1075200K)
[2021-12-24T10:35:35.843+0100][gc            ] GC(3) Pause Young (Normal) (G1 Evacuation Pause) 186M->139M(1024M) 11.529ms
[2021-12-24T10:35:35.843+0100][gc,cpu        ] GC(3) User=0.02s Sys=0.01s Real=0.01s
[2021-12-24T10:35:36.815+0100][gc,start      ] GC(4) Pause Young (Concurrent Start) (Metadata GC Threshold)
[2021-12-24T10:35:36.816+0100][gc,task       ] GC(4) Using 8 workers of 8 for evacuation
[2021-12-24T10:35:36.824+0100][gc,phases     ] GC(4)   Pre Evacuate Collection Set: 0.2ms
[2021-12-24T10:35:36.824+0100][gc,phases     ] GC(4)   Evacuate Collection Set: 6.8ms
[2021-12-24T10:35:36.825+0100][gc,phases     ] GC(4)   Post Evacuate Collection Set: 0.8ms
[2021-12-24T10:35:36.825+0100][gc,phases     ] GC(4)   Other: 0.9ms
[2021-12-24T10:35:36.825+0100][gc,heap       ] GC(4) Eden regions: 25->0(45)
[2021-12-24T10:35:36.825+0100][gc,heap       ] GC(4) Survivor regions: 4->6(7)
[2021-12-24T10:35:36.826+0100][gc,heap       ] GC(4) Old regions: 9->9
[2021-12-24T10:35:36.826+0100][gc,heap       ] GC(4) Humongous regions: 129->129
[2021-12-24T10:35:36.826+0100][gc,metaspace  ] GC(4) Metaspace: 34367K->34367K(1079296K)
[2021-12-24T10:35:36.826+0100][gc            ] GC(4) Pause Young (Concurrent Start) (Metadata GC Threshold) 164M->141M(1024M) 10.965ms
[2021-12-24T10:35:36.827+0100][gc,cpu        ] GC(4) User=0.05s Sys=0.00s Real=0.01s
[2021-12-24T10:35:36.827+0100][gc            ] GC(5) Concurrent Cycle
[2021-12-24T10:35:36.827+0100][gc,marking    ] GC(5) Concurrent Clear Claimed Marks
[2021-12-24T10:35:36.827+0100][gc,marking    ] GC(5) Concurrent Clear Claimed Marks 0.342ms
[2021-12-24T10:35:36.828+0100][gc,marking    ] GC(5) Concurrent Scan Root Regions
[2021-12-24T10:35:36.832+0100][gc,marking    ] GC(5) Concurrent Scan Root Regions 4.103ms
[2021-12-24T10:35:36.832+0100][gc,marking    ] GC(5) Concurrent Mark (14.472s)
[2021-12-24T10:35:36.832+0100][gc,marking    ] GC(5) Concurrent Mark From Roots
[2021-12-24T10:35:36.833+0100][gc,task       ] GC(5) Using 2 workers of 2 for marking
[2021-12-24T10:35:36.843+0100][gc,marking    ] GC(5) Concurrent Mark From Roots 10.919ms
[2021-12-24T10:35:36.843+0100][gc,marking    ] GC(5) Concurrent Preclean
[2021-12-24T10:35:36.844+0100][gc,marking    ] GC(5) Concurrent Preclean 0.470ms
[2021-12-24T10:35:36.844+0100][gc,marking    ] GC(5) Concurrent Mark (14.472s, 14.484s) 12.177ms
[2021-12-24T10:35:36.845+0100][gc,start      ] GC(5) Pause Remark
[2021-12-24T10:35:36.848+0100][gc,stringtable] GC(5) Cleaned string and symbol table, strings: 10806 processed, 10 removed, symbols: 82207 processed, 17 removed
[2021-12-24T10:35:36.849+0100][gc            ] GC(5) Pause Remark 142M->142M(1024M) 4.004ms
[2021-12-24T10:35:36.849+0100][gc,cpu        ] GC(5) User=0.03s Sys=0.01s Real=0.01s
[2021-12-24T10:35:36.850+0100][gc,marking    ] GC(5) Concurrent Rebuild Remembered Sets
[2021-12-24T10:35:36.858+0100][gc,marking    ] GC(5) Concurrent Rebuild Remembered Sets 8.151ms
[2021-12-24T10:35:36.859+0100][gc,start      ] GC(5) Pause Cleanup
[2021-12-24T10:35:36.860+0100][gc            ] GC(5) Pause Cleanup 142M->142M(1024M) 0.689ms
[2021-12-24T10:35:36.860+0100][gc,cpu        ] GC(5) User=0.00s Sys=0.00s Real=0.00s
[2021-12-24T10:35:36.860+0100][gc,marking    ] GC(5) Concurrent Cleanup for Next Mark
[2021-12-24T10:35:36.868+0100][gc,marking    ] GC(5) Concurrent Cleanup for Next Mark 7.313ms
[2021-12-24T10:35:36.868+0100][gc            ] GC(5) Concurrent Cycle 41.288ms
[2021-12-24T10:43:07.275+0100][gc,start      ] GC(6) Pause Young (Normal) (G1 Evacuation Pause)
[2021-12-24T10:43:07.277+0100][gc,task       ] GC(6) Using 8 workers of 8 for evacuation
[2021-12-24T10:43:07.311+0100][gc,mmu        ] GC(6) MMU target violated: 21.0ms (20.0ms/21.0ms)
[2021-12-24T10:43:07.312+0100][gc,phases     ] GC(6)   Pre Evacuate Collection Set: 0.1ms
[2021-12-24T10:43:07.313+0100][gc,phases     ] GC(6)   Evacuate Collection Set: 27.8ms
[2021-12-24T10:43:07.314+0100][gc,phases     ] GC(6)   Post Evacuate Collection Set: 5.2ms
[2021-12-24T10:43:07.315+0100][gc,phases     ] GC(6)   Other: 4.8ms
[2021-12-24T10:43:07.316+0100][gc,heap       ] GC(6) Eden regions: 45->0(46)
[2021-12-24T10:43:07.317+0100][gc,heap       ] GC(6) Survivor regions: 6->5(7)
[2021-12-24T10:43:07.317+0100][gc,heap       ] GC(6) Old regions: 9->12
[2021-12-24T10:43:07.318+0100][gc,heap       ] GC(6) Humongous regions: 129->129
[2021-12-24T10:43:07.320+0100][gc,metaspace  ] GC(6) Metaspace: 42046K->42046K(1087488K)
[2021-12-24T10:43:07.321+0100][gc            ] GC(6) Pause Young (Normal) (G1 Evacuation Pause) 186M->143M(1024M) 46.053ms
[2021-12-24T10:43:07.322+0100][gc,cpu        ] GC(6) User=0.17s Sys=0.03s Real=0.05s
[2021-12-24T10:47:53.744+0100][gc,heap,exit  ] Heap
[2021-12-24T10:47:53.745+0100][gc,heap,exit  ]  garbage-first heap   total 1048576K, used 163735K [0x00000000c0000000, 0x0000000100000000)
[2021-12-24T10:47:53.746+0100][gc,heap,exit  ]   region size 1024K, 23 young (23552K), 5 survivors (5120K)
[2021-12-24T10:47:53.747+0100][gc,heap,exit  ]  Metaspace       used 43397K, capacity 46134K, committed 46204K, reserved 1087488K
[2021-12-24T10:47:53.748+0100][gc,heap,exit  ]   class space    used 6206K, capacity 7571K, committed 7600K, reserved 1048576K
