[2021-12-24T10:26:05.317+0100][gc,heap] Heap region size: 1M
[2021-12-24T10:26:05.349+0100][gc     ] Using G1
[2021-12-24T10:26:05.350+0100][gc,heap,coops] Heap address: 0x00000000c0000000, size: 1024 MB, Compressed Oops mode: 32-bit
[2021-12-24T10:26:05.352+0100][gc,cds       ] Mark closed archive regions in map: [0x00000000fff00000, 0x00000000fff69ff8]
[2021-12-24T10:26:05.353+0100][gc,cds       ] Mark open archive regions in map: [0x00000000ffe00000, 0x00000000ffe46ff8]
[2021-12-24T10:26:12.006+0100][gc,start     ] GC(0) Pause Young (Normal) (G1 Evacuation Pause)
[2021-12-24T10:26:12.008+0100][gc,task      ] GC(0) Using 8 workers of 8 for evacuation
[2021-12-24T10:26:12.033+0100][gc,mmu       ] GC(0) MMU target violated: 21.0ms (20.0ms/21.0ms)
[2021-12-24T10:26:12.033+0100][gc,phases    ] GC(0)   Pre Evacuate Collection Set: 0.1ms
[2021-12-24T10:26:12.034+0100][gc,phases    ] GC(0)   Evacuate Collection Set: 22.7ms
[2021-12-24T10:26:12.034+0100][gc,phases    ] GC(0)   Post Evacuate Collection Set: 1.1ms
[2021-12-24T10:26:12.034+0100][gc,phases    ] GC(0)   Other: 3.0ms
[2021-12-24T10:26:12.035+0100][gc,heap      ] GC(0) Eden regions: 51->0(44)
[2021-12-24T10:26:12.035+0100][gc,heap      ] GC(0) Survivor regions: 0->7(7)
[2021-12-24T10:26:12.035+0100][gc,heap      ] GC(0) Old regions: 2->2
[2021-12-24T10:26:12.035+0100][gc,heap      ] GC(0) Humongous regions: 0->0
[2021-12-24T10:26:12.036+0100][gc,metaspace ] GC(0) Metaspace: 15213K->15213K(1062912K)
[2021-12-24T10:26:12.036+0100][gc           ] GC(0) Pause Young (Normal) (G1 Evacuation Pause) 51M->7M(1024M) 29.498ms
[2021-12-24T10:26:12.036+0100][gc,cpu       ] GC(0) User=0.14s Sys=0.01s Real=0.03s
[2021-12-24T10:26:14.355+0100][gc,start     ] GC(1) Pause Young (Concurrent Start) (Metadata GC Threshold)
[2021-12-24T10:26:14.357+0100][gc,task      ] GC(1) Using 8 workers of 8 for evacuation
[2021-12-24T10:26:14.382+0100][gc,mmu       ] GC(1) MMU target violated: 21.0ms (20.0ms/21.0ms)
[2021-12-24T10:26:14.382+0100][gc,phases    ] GC(1)   Pre Evacuate Collection Set: 0.2ms
[2021-12-24T10:26:14.383+0100][gc,phases    ] GC(1)   Evacuate Collection Set: 22.1ms
[2021-12-24T10:26:14.383+0100][gc,phases    ] GC(1)   Post Evacuate Collection Set: 1.2ms
[2021-12-24T10:26:14.383+0100][gc,phases    ] GC(1)   Other: 3.6ms
[2021-12-24T10:26:14.383+0100][gc,heap      ] GC(1) Eden regions: 23->0(50)
[2021-12-24T10:26:14.384+0100][gc,heap      ] GC(1) Survivor regions: 7->1(7)
[2021-12-24T10:26:14.384+0100][gc,heap      ] GC(1) Old regions: 2->9
[2021-12-24T10:26:14.384+0100][gc,heap      ] GC(1) Humongous regions: 0->0
[2021-12-24T10:26:14.385+0100][gc,metaspace ] GC(1) Metaspace: 20561K->20561K(1067008K)
[2021-12-24T10:26:14.385+0100][gc           ] GC(1) Pause Young (Concurrent Start) (Metadata GC Threshold) 29M->7M(1024M) 29.716ms
[2021-12-24T10:26:14.385+0100][gc,cpu       ] GC(1) User=0.14s Sys=0.01s Real=0.03s
[2021-12-24T10:26:14.386+0100][gc           ] GC(2) Concurrent Cycle
[2021-12-24T10:26:14.386+0100][gc,marking   ] GC(2) Concurrent Clear Claimed Marks
[2021-12-24T10:26:14.388+0100][gc,marking   ] GC(2) Concurrent Clear Claimed Marks 1.911ms
[2021-12-24T10:26:14.388+0100][gc,marking   ] GC(2) Concurrent Scan Root Regions
[2021-12-24T10:26:14.390+0100][gc,marking   ] GC(2) Concurrent Scan Root Regions 1.750ms
[2021-12-24T10:26:14.390+0100][gc,marking   ] GC(2) Concurrent Mark (9.284s)
[2021-12-24T10:26:14.391+0100][gc,marking   ] GC(2) Concurrent Mark From Roots
[2021-12-24T10:26:14.391+0100][gc,task      ] GC(2) Using 2 workers of 2 for marking
[2021-12-24T10:26:14.400+0100][gc,marking   ] GC(2) Concurrent Mark From Roots 9.209ms
[2021-12-24T10:26:14.400+0100][gc,marking   ] GC(2) Concurrent Preclean
[2021-12-24T10:26:14.400+0100][gc,marking   ] GC(2) Concurrent Preclean 0.384ms
[2021-12-24T10:26:14.401+0100][gc,marking   ] GC(2) Concurrent Mark (9.284s, 9.295s) 10.475ms
[2021-12-24T10:26:14.402+0100][gc,start     ] GC(2) Pause Remark
[2021-12-24T10:26:14.407+0100][gc,stringtable] GC(2) Cleaned string and symbol table, strings: 5022 processed, 0 removed, symbols: 50651 processed, 59 removed
[2021-12-24T10:26:14.408+0100][gc            ] GC(2) Pause Remark 8M->8M(1024M) 6.005ms
[2021-12-24T10:26:14.408+0100][gc,cpu        ] GC(2) User=0.02s Sys=0.00s Real=0.00s
[2021-12-24T10:26:14.409+0100][gc,marking    ] GC(2) Concurrent Rebuild Remembered Sets
[2021-12-24T10:26:14.414+0100][gc,marking    ] GC(2) Concurrent Rebuild Remembered Sets 5.169ms
[2021-12-24T10:26:14.415+0100][gc,start      ] GC(2) Pause Cleanup
[2021-12-24T10:26:14.416+0100][gc            ] GC(2) Pause Cleanup 8M->8M(1024M) 0.873ms
[2021-12-24T10:26:14.416+0100][gc,cpu        ] GC(2) User=0.00s Sys=0.00s Real=0.00s
[2021-12-24T10:26:14.416+0100][gc,marking    ] GC(2) Concurrent Cleanup for Next Mark
[2021-12-24T10:26:14.422+0100][gc,marking    ] GC(2) Concurrent Cleanup for Next Mark 5.616ms
[2021-12-24T10:26:14.456+0100][gc            ] GC(2) Concurrent Cycle 70.443ms
[2021-12-24T10:26:17.753+0100][gc,start      ] GC(3) Pause Young (Normal) (G1 Evacuation Pause)
[2021-12-24T10:26:17.754+0100][gc,task       ] GC(3) Using 8 workers of 8 for evacuation
[2021-12-24T10:26:17.761+0100][gc,phases     ] GC(3)   Pre Evacuate Collection Set: 0.1ms
[2021-12-24T10:26:17.762+0100][gc,phases     ] GC(3)   Evacuate Collection Set: 5.8ms
[2021-12-24T10:26:17.762+0100][gc,phases     ] GC(3)   Post Evacuate Collection Set: 1.0ms
[2021-12-24T10:26:17.762+0100][gc,phases     ] GC(3)   Other: 1.1ms
[2021-12-24T10:26:17.763+0100][gc,heap       ] GC(3) Eden regions: 50->0(47)
[2021-12-24T10:26:17.763+0100][gc,heap       ] GC(3) Survivor regions: 1->4(7)
[2021-12-24T10:26:17.763+0100][gc,heap       ] GC(3) Old regions: 9->9
[2021-12-24T10:26:17.764+0100][gc,heap       ] GC(3) Humongous regions: 129->129
[2021-12-24T10:26:17.764+0100][gc,metaspace  ] GC(3) Metaspace: 29818K->29818K(1075200K)
[2021-12-24T10:26:17.765+0100][gc            ] GC(3) Pause Young (Normal) (G1 Evacuation Pause) 186M->139M(1024M) 11.271ms
[2021-12-24T10:26:17.765+0100][gc,cpu        ] GC(3) User=0.06s Sys=0.00s Real=0.01s
[2021-12-24T10:26:18.703+0100][gc,start      ] GC(4) Pause Young (Concurrent Start) (Metadata GC Threshold)
[2021-12-24T10:26:18.703+0100][gc,task       ] GC(4) Using 8 workers of 8 for evacuation
[2021-12-24T10:26:18.713+0100][gc,phases     ] GC(4)   Pre Evacuate Collection Set: 0.2ms
[2021-12-24T10:26:18.713+0100][gc,phases     ] GC(4)   Evacuate Collection Set: 8.0ms
[2021-12-24T10:26:18.714+0100][gc,phases     ] GC(4)   Post Evacuate Collection Set: 1.0ms
[2021-12-24T10:26:18.714+0100][gc,phases     ] GC(4)   Other: 1.0ms
[2021-12-24T10:26:18.714+0100][gc,heap       ] GC(4) Eden regions: 26->0(45)
[2021-12-24T10:26:18.715+0100][gc,heap       ] GC(4) Survivor regions: 4->6(7)
[2021-12-24T10:26:18.715+0100][gc,heap       ] GC(4) Old regions: 9->9
[2021-12-24T10:26:18.715+0100][gc,heap       ] GC(4) Humongous regions: 129->129
[2021-12-24T10:26:18.715+0100][gc,metaspace  ] GC(4) Metaspace: 34742K->34742K(1081344K)
[2021-12-24T10:26:18.716+0100][gc            ] GC(4) Pause Young (Concurrent Start) (Metadata GC Threshold) 165M->141M(1024M) 12.852ms
[2021-12-24T10:26:18.716+0100][gc,cpu        ] GC(4) User=0.05s Sys=0.00s Real=0.01s
[2021-12-24T10:26:18.716+0100][gc            ] GC(5) Concurrent Cycle
[2021-12-24T10:26:18.717+0100][gc,marking    ] GC(5) Concurrent Clear Claimed Marks
[2021-12-24T10:26:18.717+0100][gc,marking    ] GC(5) Concurrent Clear Claimed Marks 0.390ms
[2021-12-24T10:26:18.717+0100][gc,marking    ] GC(5) Concurrent Scan Root Regions
[2021-12-24T10:26:18.721+0100][gc,marking    ] GC(5) Concurrent Scan Root Regions 3.606ms
[2021-12-24T10:26:18.722+0100][gc,marking    ] GC(5) Concurrent Mark (13.616s)
[2021-12-24T10:26:18.722+0100][gc,marking    ] GC(5) Concurrent Mark From Roots
[2021-12-24T10:26:18.723+0100][gc,task       ] GC(5) Using 2 workers of 2 for marking
[2021-12-24T10:26:18.734+0100][gc,marking    ] GC(5) Concurrent Mark From Roots 11.974ms
[2021-12-24T10:26:18.734+0100][gc,marking    ] GC(5) Concurrent Preclean
[2021-12-24T10:26:18.735+0100][gc,marking    ] GC(5) Concurrent Preclean 0.485ms
[2021-12-24T10:26:18.735+0100][gc,marking    ] GC(5) Concurrent Mark (13.616s, 13.629s) 13.624ms
[2021-12-24T10:26:18.736+0100][gc,start      ] GC(5) Pause Remark
[2021-12-24T10:26:18.741+0100][gc,stringtable] GC(5) Cleaned string and symbol table, strings: 10881 processed, 12 removed, symbols: 83040 processed, 18 removed
[2021-12-24T10:26:18.742+0100][gc            ] GC(5) Pause Remark 142M->142M(1024M) 5.299ms
[2021-12-24T10:26:18.742+0100][gc,cpu        ] GC(5) User=0.04s Sys=0.00s Real=0.01s
[2021-12-24T10:26:18.743+0100][gc,marking    ] GC(5) Concurrent Rebuild Remembered Sets
[2021-12-24T10:26:18.749+0100][gc,marking    ] GC(5) Concurrent Rebuild Remembered Sets 6.764ms
[2021-12-24T10:26:18.751+0100][gc,start      ] GC(5) Pause Cleanup
[2021-12-24T10:26:18.752+0100][gc            ] GC(5) Pause Cleanup 143M->143M(1024M) 0.727ms
[2021-12-24T10:26:18.752+0100][gc,cpu        ] GC(5) User=0.00s Sys=0.00s Real=0.00s
[2021-12-24T10:26:18.753+0100][gc,marking    ] GC(5) Concurrent Cleanup for Next Mark
[2021-12-24T10:26:18.760+0100][gc,marking    ] GC(5) Concurrent Cleanup for Next Mark 7.638ms
[2021-12-24T10:26:18.761+0100][gc            ] GC(5) Concurrent Cycle 44.322ms
[2021-12-24T10:33:55.745+0100][gc,start      ] GC(6) Pause Young (Normal) (G1 Evacuation Pause)
[2021-12-24T10:33:55.747+0100][gc,task       ] GC(6) Using 8 workers of 8 for evacuation
[2021-12-24T10:33:55.792+0100][gc,mmu        ] GC(6) MMU target violated: 21.0ms (20.0ms/21.0ms)
[2021-12-24T10:33:55.794+0100][gc,phases     ] GC(6)   Pre Evacuate Collection Set: 0.1ms
[2021-12-24T10:33:55.795+0100][gc,phases     ] GC(6)   Evacuate Collection Set: 36.9ms
[2021-12-24T10:33:55.796+0100][gc,phases     ] GC(6)   Post Evacuate Collection Set: 6.4ms
[2021-12-24T10:33:55.798+0100][gc,phases     ] GC(6)   Other: 5.4ms
[2021-12-24T10:33:55.799+0100][gc,heap       ] GC(6) Eden regions: 45->0(47)
[2021-12-24T10:33:55.800+0100][gc,heap       ] GC(6) Survivor regions: 6->4(7)
[2021-12-24T10:33:55.801+0100][gc,heap       ] GC(6) Old regions: 9->12
[2021-12-24T10:33:55.802+0100][gc,heap       ] GC(6) Humongous regions: 129->0
[2021-12-24T10:33:55.803+0100][gc,metaspace  ] GC(6) Metaspace: 42384K->42384K(1087488K)
[2021-12-24T10:33:55.804+0100][gc            ] GC(6) Pause Young (Normal) (G1 Evacuation Pause) 186M->13M(1024M) 59.056ms
[2021-12-24T10:33:55.805+0100][gc,cpu        ] GC(6) User=0.19s Sys=0.01s Real=0.06s
[2021-12-24T10:33:55.960+0100][gc,heap,exit  ] Heap
[2021-12-24T10:33:55.961+0100][gc,heap,exit  ]  garbage-first heap   total 1048576K, used 16098K [0x00000000c0000000, 0x0000000100000000)
[2021-12-24T10:33:55.962+0100][gc,heap,exit  ]   region size 1024K, 7 young (7168K), 4 survivors (4096K)
[2021-12-24T10:33:55.963+0100][gc,heap,exit  ]  Metaspace       used 42415K, capacity 45099K, committed 45468K, reserved 1087488K
[2021-12-24T10:33:55.964+0100][gc,heap,exit  ]   class space    used 6194K, capacity 7566K, committed 7684K, reserved 1048576K
