[2021-12-24T10:18:16.274+0100][gc,heap] Heap region size: 1M
[2021-12-24T10:18:16.311+0100][gc     ] Using G1
[2021-12-24T10:18:16.312+0100][gc,heap,coops] Heap address: 0x00000000c0000000, size: 1024 MB, Compressed Oops mode: 32-bit
[2021-12-24T10:18:16.314+0100][gc,cds       ] Mark closed archive regions in map: [0x00000000fff00000, 0x00000000fff69ff8]
[2021-12-24T10:18:16.315+0100][gc,cds       ] Mark open archive regions in map: [0x00000000ffe00000, 0x00000000ffe46ff8]
[2021-12-24T10:18:23.564+0100][gc,start     ] GC(0) Pause Young (Normal) (G1 Evacuation Pause)
[2021-12-24T10:18:23.569+0100][gc,task      ] GC(0) Using 8 workers of 8 for evacuation
[2021-12-24T10:18:23.611+0100][gc,mmu       ] GC(0) MMU target violated: 21.0ms (20.0ms/21.0ms)
[2021-12-24T10:18:23.612+0100][gc,phases    ] GC(0)   Pre Evacuate Collection Set: 0.1ms
[2021-12-24T10:18:23.612+0100][gc,phases    ] GC(0)   Evacuate Collection Set: 36.7ms
[2021-12-24T10:18:23.613+0100][gc,phases    ] GC(0)   Post Evacuate Collection Set: 2.3ms
[2021-12-24T10:18:23.614+0100][gc,phases    ] GC(0)   Other: 8.5ms
[2021-12-24T10:18:23.614+0100][gc,heap      ] GC(0) Eden regions: 51->0(44)
[2021-12-24T10:18:23.615+0100][gc,heap      ] GC(0) Survivor regions: 0->7(7)
[2021-12-24T10:18:23.616+0100][gc,heap      ] GC(0) Old regions: 2->2
[2021-12-24T10:18:23.616+0100][gc,heap      ] GC(0) Humongous regions: 0->0
[2021-12-24T10:18:23.617+0100][gc,metaspace ] GC(0) Metaspace: 15209K->15209K(1062912K)
[2021-12-24T10:18:23.618+0100][gc           ] GC(0) Pause Young (Normal) (G1 Evacuation Pause) 51M->7M(1024M) 53.644ms
[2021-12-24T10:18:23.619+0100][gc,cpu       ] GC(0) User=0.22s Sys=0.06s Real=0.06s
[2021-12-24T10:18:25.567+0100][gc,start     ] GC(1) Pause Young (Concurrent Start) (Metadata GC Threshold)
[2021-12-24T10:18:25.568+0100][gc,task      ] GC(1) Using 8 workers of 8 for evacuation
[2021-12-24T10:18:25.591+0100][gc,mmu       ] GC(1) MMU target violated: 21.0ms (20.0ms/21.0ms)
[2021-12-24T10:18:25.591+0100][gc,phases    ] GC(1)   Pre Evacuate Collection Set: 0.1ms
[2021-12-24T10:18:25.592+0100][gc,phases    ] GC(1)   Evacuate Collection Set: 21.5ms
[2021-12-24T10:18:25.592+0100][gc,phases    ] GC(1)   Post Evacuate Collection Set: 1.1ms
[2021-12-24T10:18:25.592+0100][gc,phases    ] GC(1)   Other: 1.6ms
[2021-12-24T10:18:25.593+0100][gc,heap      ] GC(1) Eden regions: 23->0(49)
[2021-12-24T10:18:25.593+0100][gc,heap      ] GC(1) Survivor regions: 7->2(7)
[2021-12-24T10:18:25.594+0100][gc,heap      ] GC(1) Old regions: 2->9
[2021-12-24T10:18:25.594+0100][gc,heap      ] GC(1) Humongous regions: 0->0
[2021-12-24T10:18:25.594+0100][gc,metaspace ] GC(1) Metaspace: 20576K->20576K(1067008K)
[2021-12-24T10:18:25.595+0100][gc           ] GC(1) Pause Young (Concurrent Start) (Metadata GC Threshold) 29M->8M(1024M) 27.666ms
[2021-12-24T10:18:25.595+0100][gc,cpu       ] GC(1) User=0.13s Sys=0.01s Real=0.03s
[2021-12-24T10:18:25.595+0100][gc           ] GC(2) Concurrent Cycle
[2021-12-24T10:18:25.596+0100][gc,marking   ] GC(2) Concurrent Clear Claimed Marks
[2021-12-24T10:18:25.597+0100][gc,marking   ] GC(2) Concurrent Clear Claimed Marks 0.864ms
[2021-12-24T10:18:25.597+0100][gc,marking   ] GC(2) Concurrent Scan Root Regions
[2021-12-24T10:18:25.600+0100][gc,marking   ] GC(2) Concurrent Scan Root Regions 2.462ms
[2021-12-24T10:18:25.600+0100][gc,marking   ] GC(2) Concurrent Mark (9.514s)
[2021-12-24T10:18:25.601+0100][gc,marking   ] GC(2) Concurrent Mark From Roots
[2021-12-24T10:18:25.601+0100][gc,task      ] GC(2) Using 2 workers of 2 for marking
[2021-12-24T10:18:25.613+0100][gc,marking   ] GC(2) Concurrent Mark From Roots 12.247ms
[2021-12-24T10:18:25.613+0100][gc,marking   ] GC(2) Concurrent Preclean
[2021-12-24T10:18:25.614+0100][gc,marking   ] GC(2) Concurrent Preclean 0.594ms
[2021-12-24T10:18:25.614+0100][gc,marking   ] GC(2) Concurrent Mark (9.514s, 9.528s) 14.014ms
[2021-12-24T10:18:25.615+0100][gc,start     ] GC(2) Pause Remark
[2021-12-24T10:18:25.625+0100][gc,stringtable] GC(2) Cleaned string and symbol table, strings: 5003 processed, 0 removed, symbols: 50549 processed, 59 removed
[2021-12-24T10:18:25.626+0100][gc            ] GC(2) Pause Remark 8M->8M(1024M) 10.744ms
[2021-12-24T10:18:25.626+0100][gc,cpu        ] GC(2) User=0.07s Sys=0.00s Real=0.01s
[2021-12-24T10:18:25.626+0100][gc,marking    ] GC(2) Concurrent Rebuild Remembered Sets
[2021-12-24T10:18:25.632+0100][gc,marking    ] GC(2) Concurrent Rebuild Remembered Sets 5.105ms
[2021-12-24T10:18:25.637+0100][gc,start      ] GC(2) Pause Cleanup
[2021-12-24T10:18:25.644+0100][gc            ] GC(2) Pause Cleanup 8M->8M(1024M) 7.493ms
[2021-12-24T10:18:25.644+0100][gc,cpu        ] GC(2) User=0.01s Sys=0.00s Real=0.01s
[2021-12-24T10:18:25.645+0100][gc,marking    ] GC(2) Concurrent Cleanup for Next Mark
[2021-12-24T10:18:25.662+0100][gc,marking    ] GC(2) Concurrent Cleanup for Next Mark 17.013ms
[2021-12-24T10:18:25.666+0100][gc            ] GC(2) Concurrent Cycle 70.335ms
[2021-12-24T10:18:28.994+0100][gc,start      ] GC(3) Pause Young (Normal) (G1 Evacuation Pause)
[2021-12-24T10:18:28.995+0100][gc,task       ] GC(3) Using 8 workers of 8 for evacuation
[2021-12-24T10:18:28.999+0100][gc,phases     ] GC(3)   Pre Evacuate Collection Set: 0.0ms
[2021-12-24T10:18:29.000+0100][gc,phases     ] GC(3)   Evacuate Collection Set: 3.4ms
[2021-12-24T10:18:29.000+0100][gc,phases     ] GC(3)   Post Evacuate Collection Set: 1.0ms
[2021-12-24T10:18:29.001+0100][gc,phases     ] GC(3)   Other: 0.8ms
[2021-12-24T10:18:29.001+0100][gc,heap       ] GC(3) Eden regions: 49->0(47)
[2021-12-24T10:18:29.001+0100][gc,heap       ] GC(3) Survivor regions: 2->4(7)
[2021-12-24T10:18:29.002+0100][gc,heap       ] GC(3) Old regions: 9->9
[2021-12-24T10:18:29.002+0100][gc,heap       ] GC(3) Humongous regions: 129->129
[2021-12-24T10:18:29.002+0100][gc,metaspace  ] GC(3) Metaspace: 29786K->29786K(1075200K)
[2021-12-24T10:18:29.003+0100][gc            ] GC(3) Pause Young (Normal) (G1 Evacuation Pause) 186M->139M(1024M) 8.361ms
[2021-12-24T10:18:29.003+0100][gc,cpu        ] GC(3) User=0.03s Sys=0.01s Real=0.01s
[2021-12-24T10:18:29.947+0100][gc,start      ] GC(4) Pause Young (Concurrent Start) (Metadata GC Threshold)
[2021-12-24T10:18:29.947+0100][gc,task       ] GC(4) Using 8 workers of 8 for evacuation
[2021-12-24T10:18:29.957+0100][gc,phases     ] GC(4)   Pre Evacuate Collection Set: 0.1ms
[2021-12-24T10:18:29.957+0100][gc,phases     ] GC(4)   Evacuate Collection Set: 7.9ms
[2021-12-24T10:18:29.958+0100][gc,phases     ] GC(4)   Post Evacuate Collection Set: 0.9ms
[2021-12-24T10:18:29.958+0100][gc,phases     ] GC(4)   Other: 0.8ms
[2021-12-24T10:18:29.958+0100][gc,heap       ] GC(4) Eden regions: 26->0(45)
[2021-12-24T10:18:29.958+0100][gc,heap       ] GC(4) Survivor regions: 4->6(7)
[2021-12-24T10:18:29.959+0100][gc,heap       ] GC(4) Old regions: 9->9
[2021-12-24T10:18:29.959+0100][gc,heap       ] GC(4) Humongous regions: 129->129
[2021-12-24T10:18:29.959+0100][gc,metaspace  ] GC(4) Metaspace: 34377K->34377K(1079296K)
[2021-12-24T10:18:29.959+0100][gc            ] GC(4) Pause Young (Concurrent Start) (Metadata GC Threshold) 164M->141M(1024M) 12.259ms
[2021-12-24T10:18:29.960+0100][gc,cpu        ] GC(4) User=0.08s Sys=0.01s Real=0.02s
[2021-12-24T10:18:29.960+0100][gc            ] GC(5) Concurrent Cycle
[2021-12-24T10:18:29.960+0100][gc,marking    ] GC(5) Concurrent Clear Claimed Marks
[2021-12-24T10:18:29.961+0100][gc,marking    ] GC(5) Concurrent Clear Claimed Marks 0.621ms
[2021-12-24T10:18:29.961+0100][gc,marking    ] GC(5) Concurrent Scan Root Regions
[2021-12-24T10:18:29.966+0100][gc,marking    ] GC(5) Concurrent Scan Root Regions 4.370ms
[2021-12-24T10:18:29.966+0100][gc,marking    ] GC(5) Concurrent Mark (13.880s)
[2021-12-24T10:18:29.967+0100][gc,marking    ] GC(5) Concurrent Mark From Roots
[2021-12-24T10:18:29.967+0100][gc,task       ] GC(5) Using 2 workers of 2 for marking
[2021-12-24T10:18:29.976+0100][gc,marking    ] GC(5) Concurrent Mark From Roots 9.259ms
[2021-12-24T10:18:29.976+0100][gc,marking    ] GC(5) Concurrent Preclean
[2021-12-24T10:18:29.976+0100][gc,marking    ] GC(5) Concurrent Preclean 0.387ms
[2021-12-24T10:18:29.977+0100][gc,marking    ] GC(5) Concurrent Mark (13.880s, 13.890s) 10.500ms
[2021-12-24T10:18:29.978+0100][gc,start      ] GC(5) Pause Remark
[2021-12-24T10:18:29.981+0100][gc,stringtable] GC(5) Cleaned string and symbol table, strings: 10865 processed, 10 removed, symbols: 82215 processed, 17 removed
[2021-12-24T10:18:29.982+0100][gc            ] GC(5) Pause Remark 142M->142M(1024M) 4.617ms
[2021-12-24T10:18:29.982+0100][gc,cpu        ] GC(5) User=0.03s Sys=0.00s Real=0.01s
[2021-12-24T10:18:29.983+0100][gc,marking    ] GC(5) Concurrent Rebuild Remembered Sets
[2021-12-24T10:18:29.993+0100][gc,marking    ] GC(5) Concurrent Rebuild Remembered Sets 10.490ms
[2021-12-24T10:18:29.995+0100][gc,start      ] GC(5) Pause Cleanup
[2021-12-24T10:18:29.996+0100][gc            ] GC(5) Pause Cleanup 142M->142M(1024M) 0.719ms
[2021-12-24T10:18:29.996+0100][gc,cpu        ] GC(5) User=0.00s Sys=0.00s Real=0.00s
[2021-12-24T10:18:29.996+0100][gc,marking    ] GC(5) Concurrent Cleanup for Next Mark
[2021-12-24T10:18:30.005+0100][gc,marking    ] GC(5) Concurrent Cleanup for Next Mark 8.479ms
[2021-12-24T10:18:30.005+0100][gc            ] GC(5) Concurrent Cycle 45.137ms
[2021-12-24T10:24:51.907+0100][gc,start      ] GC(6) Pause Young (Normal) (G1 Evacuation Pause)
[2021-12-24T10:24:51.908+0100][gc,task       ] GC(6) Using 8 workers of 8 for evacuation
[2021-12-24T10:24:51.920+0100][gc,phases     ] GC(6)   Pre Evacuate Collection Set: 0.0ms
[2021-12-24T10:24:51.920+0100][gc,phases     ] GC(6)   Evacuate Collection Set: 9.4ms
[2021-12-24T10:24:51.921+0100][gc,phases     ] GC(6)   Post Evacuate Collection Set: 2.0ms
[2021-12-24T10:24:51.922+0100][gc,phases     ] GC(6)   Other: 1.4ms
[2021-12-24T10:24:51.922+0100][gc,heap       ] GC(6) Eden regions: 45->0(46)
[2021-12-24T10:24:51.923+0100][gc,heap       ] GC(6) Survivor regions: 6->5(7)
[2021-12-24T10:24:51.923+0100][gc,heap       ] GC(6) Old regions: 9->11
[2021-12-24T10:24:51.924+0100][gc,heap       ] GC(6) Humongous regions: 129->0
[2021-12-24T10:24:51.924+0100][gc,metaspace  ] GC(6) Metaspace: 42461K->42461K(1087488K)
[2021-12-24T10:24:51.925+0100][gc            ] GC(6) Pause Young (Normal) (G1 Evacuation Pause) 186M->13M(1024M) 17.651ms
[2021-12-24T10:24:51.925+0100][gc,cpu        ] GC(6) User=0.08s Sys=0.00s Real=0.02s
[2021-12-24T10:24:51.985+0100][gc,heap,exit  ] Heap
[2021-12-24T10:24:51.987+0100][gc,heap,exit  ]  garbage-first heap   total 1048576K, used 16137K [0x00000000c0000000, 0x0000000100000000)
[2021-12-24T10:24:51.988+0100][gc,heap,exit  ]   region size 1024K, 8 young (8192K), 5 survivors (5120K)
[2021-12-24T10:24:51.989+0100][gc,heap,exit  ]  Metaspace       used 42494K, capacity 45201K, committed 45512K, reserved 1087488K
[2021-12-24T10:24:51.990+0100][gc,heap,exit  ]   class space    used 6206K, capacity 7578K, committed 7676K, reserved 1048576K
