[2021-12-24T10:59:14.542+0100][gc,heap] Heap region size: 1M
[2021-12-24T10:59:14.571+0100][gc     ] Using G1
[2021-12-24T10:59:14.572+0100][gc,heap,coops] Heap address: 0x00000000e0000000, size: 512 MB, Compressed Oops mode: 32-bit
[2021-12-24T10:59:14.574+0100][gc,cds       ] Mark closed archive regions in map: [0x00000000fff00000, 0x00000000fff69ff8]
[2021-12-24T10:59:14.575+0100][gc,cds       ] Mark open archive regions in map: [0x00000000ffe00000, 0x00000000ffe46ff8]
[2021-12-24T10:59:20.603+0100][gc,start     ] GC(0) Pause Young (Normal) (G1 Evacuation Pause)
[2021-12-24T10:59:20.605+0100][gc,task      ] GC(0) Using 8 workers of 8 for evacuation
[2021-12-24T10:59:20.630+0100][gc,mmu       ] GC(0) MMU target violated: 21.0ms (20.0ms/21.0ms)
[2021-12-24T10:59:20.630+0100][gc,phases    ] GC(0)   Pre Evacuate Collection Set: 0.0ms
[2021-12-24T10:59:20.631+0100][gc,phases    ] GC(0)   Evacuate Collection Set: 22.0ms
[2021-12-24T10:59:20.631+0100][gc,phases    ] GC(0)   Post Evacuate Collection Set: 0.9ms
[2021-12-24T10:59:20.631+0100][gc,phases    ] GC(0)   Other: 4.4ms
[2021-12-24T10:59:20.632+0100][gc,heap      ] GC(0) Eden regions: 25->0(21)
[2021-12-24T10:59:20.632+0100][gc,heap      ] GC(0) Survivor regions: 0->4(4)
[2021-12-24T10:59:20.632+0100][gc,heap      ] GC(0) Old regions: 2->5
[2021-12-24T10:59:20.633+0100][gc,heap      ] GC(0) Humongous regions: 0->0
[2021-12-24T10:59:20.633+0100][gc,metaspace ] GC(0) Metaspace: 7622K->7622K(1056768K)
[2021-12-24T10:59:20.633+0100][gc           ] GC(0) Pause Young (Normal) (G1 Evacuation Pause) 25M->7M(512M) 30.153ms
[2021-12-24T10:59:20.633+0100][gc,cpu       ] GC(0) User=0.07s Sys=0.09s Real=0.03s
[2021-12-24T11:46:38.610+0100][gc,heap,exit ] Heap
[2021-12-24T11:46:38.611+0100][gc,heap,exit ]  garbage-first heap   total 524288K, used 18947K [0x00000000e0000000, 0x0000000100000000)
[2021-12-24T11:46:38.612+0100][gc,heap,exit ]   region size 1024K, 16 young (16384K), 4 survivors (4096K)
[2021-12-24T11:46:38.613+0100][gc,heap,exit ]  Metaspace       used 9209K, capacity 9587K, committed 9856K, reserved 1058816K
[2021-12-24T11:46:38.614+0100][gc,heap,exit ]   class space    used 987K, capacity 1144K, committed 1152K, reserved 1048576K
