[2021-12-26T15:26:28.249+0100][gc,heap] Heap region size: 1M
[2021-12-26T15:26:28.270+0100][gc     ] Using G1
[2021-12-26T15:26:28.271+0100][gc,heap,coops] Heap address: 0x00000000e0000000, size: 512 MB, Compressed Oops mode: 32-bit
[2021-12-26T15:26:28.273+0100][gc,cds       ] Mark closed archive regions in map: [0x00000000fff00000, 0x00000000fff69ff8]
[2021-12-26T15:26:28.273+0100][gc,cds       ] Mark open archive regions in map: [0x00000000ffe00000, 0x00000000ffe46ff8]
[2021-12-26T15:26:40.915+0100][gc,start     ] GC(0) Pause Young (Normal) (G1 Evacuation Pause)
[2021-12-26T15:26:40.918+0100][gc,task      ] GC(0) Using 8 workers of 8 for evacuation
[2021-12-26T15:26:40.938+0100][gc,phases    ] GC(0)   Pre Evacuate Collection Set: 0.0ms
[2021-12-26T15:26:40.938+0100][gc,phases    ] GC(0)   Evacuate Collection Set: 17.7ms
[2021-12-26T15:26:40.939+0100][gc,phases    ] GC(0)   Post Evacuate Collection Set: 1.2ms
[2021-12-26T15:26:40.939+0100][gc,phases    ] GC(0)   Other: 4.1ms
[2021-12-26T15:26:40.939+0100][gc,heap      ] GC(0) Eden regions: 25->0(21)
[2021-12-26T15:26:40.940+0100][gc,heap      ] GC(0) Survivor regions: 0->4(4)
[2021-12-26T15:26:40.940+0100][gc,heap      ] GC(0) Old regions: 2->5
[2021-12-26T15:26:40.940+0100][gc,heap      ] GC(0) Humongous regions: 0->0
[2021-12-26T15:26:40.941+0100][gc,metaspace ] GC(0) Metaspace: 7622K->7622K(1056768K)
[2021-12-26T15:26:40.941+0100][gc           ] GC(0) Pause Young (Normal) (G1 Evacuation Pause) 25M->7M(512M) 26.156ms
[2021-12-26T15:26:40.941+0100][gc,cpu       ] GC(0) User=0.11s Sys=0.04s Real=0.03s
[2021-12-26T19:12:56.236+0100][gc,start     ] GC(1) Pause Young (Normal) (G1 Evacuation Pause)
[2021-12-26T19:12:56.237+0100][gc,task      ] GC(1) Using 8 workers of 8 for evacuation
[2021-12-26T19:12:56.255+0100][gc,phases    ] GC(1)   Pre Evacuate Collection Set: 0.2ms
[2021-12-26T19:12:56.255+0100][gc,phases    ] GC(1)   Evacuate Collection Set: 16.0ms
[2021-12-26T19:12:56.255+0100][gc,phases    ] GC(1)   Post Evacuate Collection Set: 1.1ms
[2021-12-26T19:12:56.256+0100][gc,phases    ] GC(1)   Other: 1.1ms
[2021-12-26T19:12:56.256+0100][gc,heap      ] GC(1) Eden regions: 21->0(24)
[2021-12-26T19:12:56.257+0100][gc,heap      ] GC(1) Survivor regions: 4->1(4)
[2021-12-26T19:12:56.257+0100][gc,heap      ] GC(1) Old regions: 5->9
[2021-12-26T19:12:56.257+0100][gc,heap      ] GC(1) Humongous regions: 0->0
[2021-12-26T19:12:56.258+0100][gc,metaspace ] GC(1) Metaspace: 9393K->9393K(1058816K)
[2021-12-26T19:12:56.258+0100][gc           ] GC(1) Pause Young (Normal) (G1 Evacuation Pause) 28M->8M(512M) 21.795ms
[2021-12-26T19:12:56.258+0100][gc,cpu       ] GC(1) User=0.07s Sys=0.02s Real=0.02s
[2021-12-26T19:53:17.812+0100][gc,heap,exit ] Heap
[2021-12-26T19:53:17.814+0100][gc,heap,exit ]  garbage-first heap   total 524288K, used 12662K [0x00000000e0000000, 0x0000000100000000)
[2021-12-26T19:53:17.814+0100][gc,heap,exit ]   region size 1024K, 6 young (6144K), 1 survivors (1024K)
[2021-12-26T19:53:17.816+0100][gc,heap,exit ]  Metaspace       used 9413K, capacity 9780K, committed 10112K, reserved 1058816K
[2021-12-26T19:53:17.817+0100][gc,heap,exit ]   class space    used 988K, capacity 1144K, committed 1152K, reserved 1048576K
