[2021-12-24T10:48:16.044+0100][gc,heap] Heap region size: 1M
[2021-12-24T10:48:16.062+0100][gc     ] Using G1
[2021-12-24T10:48:16.063+0100][gc,heap,coops] Heap address: 0x00000000e0000000, size: 512 MB, Compressed Oops mode: 32-bit
[2021-12-24T10:48:16.065+0100][gc,cds       ] Mark closed archive regions in map: [0x00000000fff00000, 0x00000000fff69ff8]
[2021-12-24T10:48:16.065+0100][gc,cds       ] Mark open archive regions in map: [0x00000000ffe00000, 0x00000000ffe46ff8]
[2021-12-24T10:48:22.186+0100][gc,start     ] GC(0) Pause Young (Normal) (G1 Evacuation Pause)
[2021-12-24T10:48:22.188+0100][gc,task      ] GC(0) Using 8 workers of 8 for evacuation
[2021-12-24T10:48:22.218+0100][gc,mmu       ] GC(0) MMU target violated: 21.0ms (20.0ms/21.0ms)
[2021-12-24T10:48:22.219+0100][gc,phases    ] GC(0)   Pre Evacuate Collection Set: 0.0ms
[2021-12-24T10:48:22.219+0100][gc,phases    ] GC(0)   Evacuate Collection Set: 27.4ms
[2021-12-24T10:48:22.219+0100][gc,phases    ] GC(0)   Post Evacuate Collection Set: 1.0ms
[2021-12-24T10:48:22.220+0100][gc,phases    ] GC(0)   Other: 4.5ms
[2021-12-24T10:48:22.220+0100][gc,heap      ] GC(0) Eden regions: 25->0(21)
[2021-12-24T10:48:22.220+0100][gc,heap      ] GC(0) Survivor regions: 0->4(4)
[2021-12-24T10:48:22.221+0100][gc,heap      ] GC(0) Old regions: 2->6
[2021-12-24T10:48:22.221+0100][gc,heap      ] GC(0) Humongous regions: 0->0
[2021-12-24T10:48:22.221+0100][gc,metaspace ] GC(0) Metaspace: 7602K->7602K(1056768K)
[2021-12-24T10:48:22.222+0100][gc           ] GC(0) Pause Young (Normal) (G1 Evacuation Pause) 25M->7M(512M) 35.733ms
[2021-12-24T10:48:22.222+0100][gc,cpu       ] GC(0) User=0.18s Sys=0.04s Real=0.04s
[2021-12-24T10:58:48.555+0100][gc,heap,exit ] Heap
[2021-12-24T10:58:48.556+0100][gc,heap,exit ]  garbage-first heap   total 524288K, used 17149K [0x00000000e0000000, 0x0000000100000000)
[2021-12-24T10:58:48.556+0100][gc,heap,exit ]   region size 1024K, 14 young (14336K), 4 survivors (4096K)
[2021-12-24T10:58:48.558+0100][gc,heap,exit ]  Metaspace       used 8920K, capacity 9283K, committed 9344K, reserved 1056768K
[2021-12-24T10:58:48.559+0100][gc,heap,exit ]   class space    used 987K, capacity 1144K, committed 1152K, reserved 1048576K
