[2021-12-24T10:18:01.737+0100][gc,heap] Heap region size: 1M
[2021-12-24T10:18:01.771+0100][gc     ] Using G1
[2021-12-24T10:18:01.772+0100][gc,heap,coops] Heap address: 0x00000000e0000000, size: 512 MB, Compressed Oops mode: 32-bit
[2021-12-24T10:18:01.774+0100][gc,cds       ] Mark closed archive regions in map: [0x00000000fff00000, 0x00000000fff69ff8]
[2021-12-24T10:18:01.775+0100][gc,cds       ] Mark open archive regions in map: [0x00000000ffe00000, 0x00000000ffe46ff8]
[2021-12-24T10:18:07.658+0100][gc,start     ] GC(0) Pause Young (Normal) (G1 Evacuation Pause)
[2021-12-24T10:18:07.660+0100][gc,task      ] GC(0) Using 8 workers of 8 for evacuation
[2021-12-24T10:18:07.687+0100][gc,mmu       ] GC(0) MMU target violated: 21.0ms (20.0ms/21.0ms)
[2021-12-24T10:18:07.688+0100][gc,phases    ] GC(0)   Pre Evacuate Collection Set: 0.0ms
[2021-12-24T10:18:07.688+0100][gc,phases    ] GC(0)   Evacuate Collection Set: 24.0ms
[2021-12-24T10:18:07.689+0100][gc,phases    ] GC(0)   Post Evacuate Collection Set: 1.8ms
[2021-12-24T10:18:07.689+0100][gc,phases    ] GC(0)   Other: 3.9ms
[2021-12-24T10:18:07.689+0100][gc,heap      ] GC(0) Eden regions: 25->0(21)
[2021-12-24T10:18:07.690+0100][gc,heap      ] GC(0) Survivor regions: 0->4(4)
[2021-12-24T10:18:07.690+0100][gc,heap      ] GC(0) Old regions: 2->5
[2021-12-24T10:18:07.690+0100][gc,heap      ] GC(0) Humongous regions: 0->0
[2021-12-24T10:18:07.691+0100][gc,metaspace ] GC(0) Metaspace: 7521K->7521K(1056768K)
[2021-12-24T10:18:07.691+0100][gc           ] GC(0) Pause Young (Normal) (G1 Evacuation Pause) 25M->7M(512M) 33.216ms
[2021-12-24T10:18:07.691+0100][gc,cpu       ] GC(0) User=0.12s Sys=0.07s Real=0.04s
[2021-12-24T10:24:53.061+0100][gc,heap,exit ] Heap
[2021-12-24T10:24:53.062+0100][gc,heap,exit ]  garbage-first heap   total 524288K, used 16986K [0x00000000e0000000, 0x0000000100000000)
[2021-12-24T10:24:53.063+0100][gc,heap,exit ]   region size 1024K, 14 young (14336K), 4 survivors (4096K)
[2021-12-24T10:24:53.065+0100][gc,heap,exit ]  Metaspace       used 8904K, capacity 9283K, committed 9344K, reserved 1056768K
[2021-12-24T10:24:53.066+0100][gc,heap,exit ]   class space    used 987K, capacity 1144K, committed 1152K, reserved 1048576K
