[2021-12-24T10:25:28.983+0100][gc,heap] Heap region size: 1M
[2021-12-24T10:25:29.007+0100][gc     ] Using G1
[2021-12-24T10:25:29.009+0100][gc,heap,coops] Heap address: 0x00000000e0000000, size: 512 MB, Compressed Oops mode: 32-bit
[2021-12-24T10:25:29.011+0100][gc,cds       ] Mark closed archive regions in map: [0x00000000fff00000, 0x00000000fff69ff8]
[2021-12-24T10:25:29.012+0100][gc,cds       ] Mark open archive regions in map: [0x00000000ffe00000, 0x00000000ffe46ff8]
[2021-12-24T10:25:35.079+0100][gc,start     ] GC(0) Pause Young (Normal) (G1 Evacuation Pause)
[2021-12-24T10:25:35.081+0100][gc,task      ] GC(0) Using 8 workers of 8 for evacuation
[2021-12-24T10:25:35.103+0100][gc,mmu       ] GC(0) MMU target violated: 20.4ms (20.0ms/21.0ms)
[2021-12-24T10:25:35.103+0100][gc,phases    ] GC(0)   Pre Evacuate Collection Set: 0.0ms
[2021-12-24T10:25:35.103+0100][gc,phases    ] GC(0)   Evacuate Collection Set: 19.6ms
[2021-12-24T10:25:35.103+0100][gc,phases    ] GC(0)   Post Evacuate Collection Set: 0.8ms
[2021-12-24T10:25:35.104+0100][gc,phases    ] GC(0)   Other: 3.8ms
[2021-12-24T10:25:35.104+0100][gc,heap      ] GC(0) Eden regions: 25->0(21)
[2021-12-24T10:25:35.104+0100][gc,heap      ] GC(0) Survivor regions: 0->4(4)
[2021-12-24T10:25:35.104+0100][gc,heap      ] GC(0) Old regions: 2->5
[2021-12-24T10:25:35.104+0100][gc,heap      ] GC(0) Humongous regions: 0->0
[2021-12-24T10:25:35.104+0100][gc,metaspace ] GC(0) Metaspace: 7629K->7629K(1056768K)
[2021-12-24T10:25:35.105+0100][gc           ] GC(0) Pause Young (Normal) (G1 Evacuation Pause) 25M->7M(512M) 25.853ms
[2021-12-24T10:25:35.105+0100][gc,cpu       ] GC(0) User=0.12s Sys=0.02s Real=0.02s
[2021-12-24T10:33:54.251+0100][gc,heap,exit ] Heap
[2021-12-24T10:33:54.252+0100][gc,heap,exit ]  garbage-first heap   total 524288K, used 16960K [0x00000000e0000000, 0x0000000100000000)
[2021-12-24T10:33:54.259+0100][gc,heap,exit ]   region size 1024K, 14 young (14336K), 4 survivors (4096K)
[2021-12-24T10:33:54.260+0100][gc,heap,exit ]  Metaspace       used 8931K, capacity 9271K, committed 9344K, reserved 1056768K
[2021-12-24T10:33:54.261+0100][gc,heap,exit ]   class space    used 988K, capacity 1144K, committed 1152K, reserved 1048576K
