[2021-12-24T10:34:21.538+0100][gc,heap] Heap region size: 1M
[2021-12-24T10:34:21.560+0100][gc     ] Using G1
[2021-12-24T10:34:21.561+0100][gc,heap,coops] Heap address: 0x00000000e0000000, size: 512 MB, Compressed Oops mode: 32-bit
[2021-12-24T10:34:21.563+0100][gc,cds       ] Mark closed archive regions in map: [0x00000000fff00000, 0x00000000fff69ff8]
[2021-12-24T10:34:21.563+0100][gc,cds       ] Mark open archive regions in map: [0x00000000ffe00000, 0x00000000ffe46ff8]
[2021-12-24T10:34:28.219+0100][gc,start     ] GC(0) Pause Young (Normal) (G1 Evacuation Pause)
[2021-12-24T10:34:28.222+0100][gc,task      ] GC(0) Using 8 workers of 8 for evacuation
[2021-12-24T10:34:28.245+0100][gc,mmu       ] GC(0) MMU target violated: 21.0ms (20.0ms/21.0ms)
[2021-12-24T10:34:28.245+0100][gc,phases    ] GC(0)   Pre Evacuate Collection Set: 0.0ms
[2021-12-24T10:34:28.245+0100][gc,phases    ] GC(0)   Evacuate Collection Set: 19.9ms
[2021-12-24T10:34:28.246+0100][gc,phases    ] GC(0)   Post Evacuate Collection Set: 1.0ms
[2021-12-24T10:34:28.246+0100][gc,phases    ] GC(0)   Other: 4.9ms
[2021-12-24T10:34:28.246+0100][gc,heap      ] GC(0) Eden regions: 25->0(21)
[2021-12-24T10:34:28.247+0100][gc,heap      ] GC(0) Survivor regions: 0->4(4)
[2021-12-24T10:34:28.247+0100][gc,heap      ] GC(0) Old regions: 2->5
[2021-12-24T10:34:28.247+0100][gc,heap      ] GC(0) Humongous regions: 0->0
[2021-12-24T10:34:28.247+0100][gc,metaspace ] GC(0) Metaspace: 7622K->7622K(1056768K)
[2021-12-24T10:34:28.248+0100][gc           ] GC(0) Pause Young (Normal) (G1 Evacuation Pause) 25M->7M(512M) 28.632ms
[2021-12-24T10:34:28.248+0100][gc,cpu       ] GC(0) User=0.08s Sys=0.07s Real=0.02s
[2021-12-24T10:47:43.231+0100][gc,heap,exit ] Heap
[2021-12-24T10:47:43.233+0100][gc,heap,exit ]  garbage-first heap   total 524288K, used 16891K [0x00000000e0000000, 0x0000000100000000)
[2021-12-24T10:47:43.234+0100][gc,heap,exit ]   region size 1024K, 14 young (14336K), 4 survivors (4096K)
[2021-12-24T10:47:43.235+0100][gc,heap,exit ]  Metaspace       used 8951K, capacity 9275K, committed 9344K, reserved 1056768K
[2021-12-24T10:47:43.236+0100][gc,heap,exit ]   class space    used 988K, capacity 1144K, committed 1152K, reserved 1048576K
