[2021-12-25T21:22:32.064+0100][gc,heap] Heap region size: 1M
[2021-12-25T21:22:32.075+0100][gc     ] Using G1
[2021-12-25T21:22:32.076+0100][gc,heap,coops] Heap address: 0x00000000e0000000, size: 512 MB, Compressed Oops mode: 32-bit
[2021-12-25T21:22:32.077+0100][gc,cds       ] Mark closed archive regions in map: [0x00000000fff00000, 0x00000000fff69ff8]
[2021-12-25T21:22:32.077+0100][gc,cds       ] Mark open archive regions in map: [0x00000000ffe00000, 0x00000000ffe46ff8]
[2021-12-25T21:22:39.044+0100][gc,start     ] GC(0) Pause Young (Normal) (G1 Evacuation Pause)
[2021-12-25T21:22:39.049+0100][gc,task      ] GC(0) Using 8 workers of 8 for evacuation
[2021-12-25T21:22:39.126+0100][gc,mmu       ] GC(0) MMU target violated: 21.0ms (20.0ms/21.0ms)
[2021-12-25T21:22:39.127+0100][gc,phases    ] GC(0)   Pre Evacuate Collection Set: 0.0ms
[2021-12-25T21:22:39.128+0100][gc,phases    ] GC(0)   Evacuate Collection Set: 72.1ms
[2021-12-25T21:22:39.129+0100][gc,phases    ] GC(0)   Post Evacuate Collection Set: 4.0ms
[2021-12-25T21:22:39.129+0100][gc,phases    ] GC(0)   Other: 7.0ms
[2021-12-25T21:22:39.130+0100][gc,heap      ] GC(0) Eden regions: 25->0(21)
[2021-12-25T21:22:39.131+0100][gc,heap      ] GC(0) Survivor regions: 0->4(4)
[2021-12-25T21:22:39.132+0100][gc,heap      ] GC(0) Old regions: 2->5
[2021-12-25T21:22:39.132+0100][gc,heap      ] GC(0) Humongous regions: 0->0
[2021-12-25T21:22:39.133+0100][gc,metaspace ] GC(0) Metaspace: 7620K->7620K(1056768K)
[2021-12-25T21:22:39.134+0100][gc           ] GC(0) Pause Young (Normal) (G1 Evacuation Pause) 25M->7M(512M) 89.504ms
[2021-12-25T21:22:39.134+0100][gc,cpu       ] GC(0) User=0.45s Sys=0.10s Real=0.09s
[2021-12-26T01:22:51.070+0100][gc,start     ] GC(1) Pause Young (Normal) (G1 Evacuation Pause)
[2021-12-26T01:22:51.071+0100][gc,task      ] GC(1) Using 8 workers of 8 for evacuation
[2021-12-26T01:22:51.103+0100][gc,mmu       ] GC(1) MMU target violated: 21.0ms (20.0ms/21.0ms)
[2021-12-26T01:22:51.105+0100][gc,phases    ] GC(1)   Pre Evacuate Collection Set: 0.5ms
[2021-12-26T01:22:51.106+0100][gc,phases    ] GC(1)   Evacuate Collection Set: 27.5ms
[2021-12-26T01:22:51.107+0100][gc,phases    ] GC(1)   Post Evacuate Collection Set: 2.7ms
[2021-12-26T01:22:51.108+0100][gc,phases    ] GC(1)   Other: 4.1ms
[2021-12-26T01:22:51.109+0100][gc,heap      ] GC(1) Eden regions: 21->0(24)
[2021-12-26T01:22:51.110+0100][gc,heap      ] GC(1) Survivor regions: 4->1(4)
[2021-12-26T01:22:51.111+0100][gc,heap      ] GC(1) Old regions: 5->9
[2021-12-26T01:22:51.113+0100][gc,heap      ] GC(1) Humongous regions: 0->0
[2021-12-26T01:22:51.114+0100][gc,metaspace ] GC(1) Metaspace: 9330K->9330K(1058816K)
[2021-12-26T01:22:51.115+0100][gc           ] GC(1) Pause Young (Normal) (G1 Evacuation Pause) 28M->8M(512M) 44.820ms
[2021-12-26T01:22:51.116+0100][gc,cpu       ] GC(1) User=0.22s Sys=0.00s Real=0.04s
[2021-12-26T02:07:50.506+0100][gc,heap,exit ] Heap
[2021-12-26T02:07:50.508+0100][gc,heap,exit ]  garbage-first heap   total 524288K, used 12650K [0x00000000e0000000, 0x0000000100000000)
[2021-12-26T02:07:50.508+0100][gc,heap,exit ]   region size 1024K, 6 young (6144K), 1 survivors (1024K)
[2021-12-26T02:07:50.509+0100][gc,heap,exit ]  Metaspace       used 9380K, capacity 9724K, committed 9856K, reserved 1058816K
[2021-12-26T02:07:50.510+0100][gc,heap,exit ]   class space    used 988K, capacity 1144K, committed 1152K, reserved 1048576K
