[2021-12-25T17:02:51.532+0100][gc,heap] Heap region size: 1M
[2021-12-25T17:02:51.559+0100][gc     ] Using G1
[2021-12-25T17:02:51.560+0100][gc,heap,coops] Heap address: 0x00000000e0000000, size: 512 MB, Compressed Oops mode: 32-bit
[2021-12-25T17:02:51.562+0100][gc,cds       ] Mark closed archive regions in map: [0x00000000fff00000, 0x00000000fff69ff8]
[2021-12-25T17:02:51.563+0100][gc,cds       ] Mark open archive regions in map: [0x00000000ffe00000, 0x00000000ffe46ff8]
[2021-12-25T17:03:03.459+0100][gc,start     ] GC(0) Pause Young (Normal) (G1 Evacuation Pause)
[2021-12-25T17:03:03.462+0100][gc,task      ] GC(0) Using 8 workers of 8 for evacuation
[2021-12-25T17:03:03.482+0100][gc,phases    ] GC(0)   Pre Evacuate Collection Set: 0.0ms
[2021-12-25T17:03:03.483+0100][gc,phases    ] GC(0)   Evacuate Collection Set: 18.6ms
[2021-12-25T17:03:03.483+0100][gc,phases    ] GC(0)   Post Evacuate Collection Set: 0.9ms
[2021-12-25T17:03:03.483+0100][gc,phases    ] GC(0)   Other: 3.7ms
[2021-12-25T17:03:03.484+0100][gc,heap      ] GC(0) Eden regions: 25->0(21)
[2021-12-25T17:03:03.484+0100][gc,heap      ] GC(0) Survivor regions: 0->4(4)
[2021-12-25T17:03:03.484+0100][gc,heap      ] GC(0) Old regions: 2->5
[2021-12-25T17:03:03.485+0100][gc,heap      ] GC(0) Humongous regions: 0->0
[2021-12-25T17:03:03.485+0100][gc,metaspace ] GC(0) Metaspace: 7619K->7619K(1056768K)
[2021-12-25T17:03:03.485+0100][gc           ] GC(0) Pause Young (Normal) (G1 Evacuation Pause) 25M->7M(512M) 26.145ms
[2021-12-25T17:03:03.486+0100][gc,cpu       ] GC(0) User=0.06s Sys=0.09s Real=0.03s
[2021-12-25T18:33:00.212+0100][gc,heap,exit ] Heap
[2021-12-25T18:33:00.213+0100][gc,heap,exit ]  garbage-first heap   total 524288K, used 22101K [0x00000000e0000000, 0x0000000100000000)
[2021-12-25T18:33:00.214+0100][gc,heap,exit ]   region size 1024K, 19 young (19456K), 4 survivors (4096K)
[2021-12-25T18:33:00.216+0100][gc,heap,exit ]  Metaspace       used 9262K, capacity 9651K, committed 9856K, reserved 1058816K
[2021-12-25T18:33:00.217+0100][gc,heap,exit ]   class space    used 988K, capacity 1144K, committed 1152K, reserved 1048576K
